‚ùØ flash /dev/cu.usbmodem21201
Executing action: all (aliases: build)
Running ninja in directory /Users/simeon/Desktop/Repositories/ml-kem-espidf/build
Executing "ninja all"...
[1/1] cd /Users/simeon/Desktop/Repositories/ml-kem-...ories/ml-kem-espidf/build/bootloader/bootloader.bin
Bootloader binary size 0x5a70 bytes. 0x2590 bytes (29%) free.
[4/9] Building C object esp-idf/main/CMakeFiles/__idf_main.dir/src/main.c.obj
/Users/simeon/Desktop/Repositories/ml-kem-espidf/main/src/main.c:25:12: warning: 'check_canary' defined but not used [-Wunused-function]
   25 | static int check_canary(const uint8_t *d) {
      |            ^~~~~~~~~~~~
/Users/simeon/Desktop/Repositories/ml-kem-espidf/main/src/main.c:19:13: warning: 'write_canary' defined but not used [-Wunused-function]
   19 | static void write_canary(uint8_t *d) {
      |             ^~~~~~~~~~~~
[8/9] Generating binary image from built executable
esptool v5.1.0
Creating ESP32H2 image...
Merged 2 ELF sections.
Successfully created ESP32H2 image.
Generated /Users/simeon/Desktop/Repositories/ml-kem-espidf/build/esp_ot_cli.bin
[9/9] cd /Users/simeon/Desktop/Repositories/ml-kem-...top/Repositories/ml-kem-espidf/build/esp_ot_cli.bin
esp_ot_cli.bin binary size 0x2c780 bytes. Smallest app partition is 0x140000 bytes. 0x113880 bytes (86%) free.
Executing action: flash
Running ninja in directory /Users/simeon/Desktop/Repositories/ml-kem-espidf/build
Executing "ninja flash"...
[1/5] cd /Users/simeon/Desktop/Repositories/ml-kem-espidf/build && /Users/simeon/.espressif/python_env/idf6.0_py3.13_env/bin/python /Users/simeon/esp/esp-idf/components/partition_table/check_sizes.py --offset 0x8000 partition --type app /Users/simeon/Desktop/Repositories/ml-kem-espidf/build/partition_table/partition-table.bin /Users/simeon/Desktop/Repositories/ml-kem-espidf/build/esp_ot_cli.bin
esp_ot_cli.bin binary size 0x2c780 bytes. Smallest app partition is 0x140000 bytes. 0x113880 bytes (86%) free.
[2/5] Performing build step for 'bootloader'
[1/1] cd /Users/simeon/Desktop/Repositories/ml-kem-espidf/build/bootloader && /Users/simeon/.espressif/python_env/idf6.0_py3.13_env/bin/python /Users/simeon/esp/esp-idf/components/partition_table/check_sizes.py --offset 0x8000 bootloader 0x0 /Users/simeon/Desktop/Repositories/ml-kem-espidf/build/bootloader/bootloader.bin
Bootloader binary size 0x5a70 bytes. 0x2590 bytes (29%) free.
[3/5] No install step for 'bootloader'
[4/5] Completed 'bootloader'
[4/5] Running utility command for flash
esptool --chip esp32h2 -p /dev/cu.usbmodem21201 -b 460800 --before=default-reset --after=hard-reset write-flash --flash-mode dio --flash-freq 48m --flash-size 4MB 0x0 bootloader/bootloader.bin 0x8000 partition_table/partition-table.bin 0x10000 esp_ot_cli.bin
esptool v5.1.0
Connected to ESP32-H2 on /dev/cu.usbmodem21201:
Chip type:          ESP32-H2 (revision v0.1)
Features:           BT 5 (LE), IEEE802.15.4, Single Core, 96MHz
Crystal frequency:  32MHz
USB mode:           USB-Serial/JTAG
MAC:                74:4d:bd:ff:fe:60:2b:78
BASE MAC:           74:4d:bd:60:2b:78
MAC_EXT:            ff:fe

Stub flasher running.
Changing baud rate to 460800...
Changed.

Configuring flash size...
Flash will be erased from 0x00000000 to 0x00005fff...
Flash will be erased from 0x00008000 to 0x00008fff...
Flash will be erased from 0x00010000 to 0x0003cfff...
SHA digest in image updated.
Wrote 23152 bytes (13976 compressed) at 0x00000000 in 0.5 seconds (404.9 kbit/s).
Hash of data verified.
Wrote 3072 bytes (104 compressed) at 0x00008000 in 0.1 seconds (448.4 kbit/s).
Hash of data verified.
Wrote 182144 bytes (93716 compressed) at 0x00010000 in 1.9 seconds (776.1 kbit/s).
Hash of data verified.

Hard resetting via RTS pin...
Executing action: monitor
Running idf_monitor in directory /Users/simeon/Desktop/Repositories/ml-kem-espidf
Executing "/Users/simeon/.espressif/python_env/idf6.0_py3.13_env/bin/python /Users/simeon/esp/esp-idf/tools/idf_monitor.py -p /dev/cu.usbmodem21201 -b 115200 --toolchain-prefix riscv32-esp-elf- --target esp32h2 --revision 0 --decode-panic backtrace /Users/simeon/Desktop/Repositories/ml-kem-espidf/build/esp_ot_cli.elf /Users/simeon/Desktop/Repositories/ml-kem-espidf/build/bootloader/bootloader.elf -m '/Users/simeon/.espressif/python_env/idf6.0_py3.13_env/bin/python' '/Users/simeon/esp/esp-idf/tools/idf.py' '-p' '/dev/cu.usbmodem21201'"...
--- esp-idf-monitor 1.8.0 on /dev/cu.usbmodem21201 115200
--- Quit: Ctrl+] | Menu: Ctrl+T | Help: Ctrl+T followed by Ctrl+H
ESP-ROM:esp32h2-20221101
Build:Nov  1 2022
rst:0x15 (USB_UART_HPSYS),boot:0xf (SPI_FAST_FLASH_BOOT)
Saved PC:0x40009412
--- 0x40009412: systimer_hal_get_counter_value in ROM
SPIWP:0xee
mode:DIO, clock div:1
load:0x408460f0,len:0x1a5c
load:0x4083c2d0,len:0xfc0
--- 0x4083c2d0: esp_bootloader_get_description at /Users/simeon/esp/esp-idf/components/esp_bootloader_format/esp_bootloader_desc.c:40
load:0x4083efd0,len:0x2ffc
--- 0x4083efd0: esp_flash_encryption_enabled at /Users/simeon/esp/esp-idf/components/bootloader_support/src/flash_encrypt.c:89
entry 0x4083c2dc
--- 0x4083c2dc: call_start_cpu0 at /Users/simeon/esp/esp-idf/components/bootloader/subproject/main/bootloader_start.c:25
I (23) boot: ESP-IDF 3f3f8436be 2nd stage bootloader
I (23) boot: compile time Oct 24 2025 16:24:15
I (24) boot: chip revision: v0.1
I (24) boot: efuse block revision: v0.2
I (25) boot.esp32h2: SPI Speed      : 64MHz
I (25) boot.esp32h2: SPI Mode       : DIO
I (25) boot.esp32h2: SPI Flash Size : 4MB
I (26) boot: Enabling RNG early entropy source...
I (26) boot: Partition Table:
I (27) boot: ## Label            Usage          Type ST Offset   Length
I (27) boot:  0 nvs              WiFi data        01 02 00009000 00006000
I (28) boot:  1 phy_init         RF data          01 01 0000f000 00001000
I (29) boot:  2 factory          factory app      00 00 00010000 00140000
I (30) boot: End of partition table
I (30) esp_image: segment 0: paddr=00010020 vaddr=42020020 size=08c84h ( 35972) map
I (41) esp_image: segment 1: paddr=00018cac vaddr=40800000 size=0736ch ( 29548) load
I (50) esp_image: segment 2: paddr=00020020 vaddr=42000020 size=17d48h ( 97608) map
I (76) esp_image: segment 3: paddr=00037d70 vaddr=4080736c size=049e8h ( 18920) load
I (86) boot: Loaded app from partition at offset 0x10000
I (86) boot: Disabling RNG early entropy source...
I (88) cpu_start: Unicore app
I (96) cpu_start: GPIO 23 and 24 are used as console UART I/O pins
I (97) cpu_start: Pro cpu start user code
I (97) cpu_start: cpu freq: 96000000 Hz
I (98) app_init: Application information:
I (98) app_init: Project name:     esp_ot_cli
I (98) app_init: App version:      67fbc08-dirty
I (99) app_init: Compile time:     Oct 24 2025 16:49:58
I (99) app_init: ELF file SHA256:  a3ccce3b7...
I (99) app_init: ESP-IDF:          3f3f8436be
I (100) efuse_init: Min chip rev:     v0.0
I (100) efuse_init: Max chip rev:     v1.99
I (101) efuse_init: Chip rev:         v0.1
I (101) heap_init: Initializing. RAM available for dynamic allocation:
I (101) heap_init: At 4080CE30 len 00040550 (257 KiB): RAM
I (102) heap_init: At 4084D380 len 00002B60 (10 KiB): RAM
I (103) heap_init: At 50000000 len 00000FE8 (3 KiB): RTCRAM
W (104) spi_flash: Detected GigaDevice flash chip but using generic driver. For optimal functionality, enable `SPI_FLASH_SUPPORT_GD_CHIP` in menuconfig
I (105) spi_flash: detected chip: generic
I (105) spi_flash: flash io: dio
I (106) sleep_gpio: Configure to isolate all GPIO pins in sleep state
I (107) sleep_gpio: Enable automatic switching of GPIO sleep configuration
I (108) main_task: Started on CPU0
I (108) main_task: Calling app_main()
Guru Meditation Error: Core  0 panic'ed (Stack protection fault).

Detected in task "main" at 0x4200c3f6
--- 0x4200c3f6: pqcrystals_mlkem512_ref_indcpa_keypair_derand at /Users/simeon/Desktop/Repositories/ml-kem-espidf/main/mlkem-embedded/mlkem/indcpa.c:29
Stack pointer: 0x4080d9e0
Stack bounds: 0x4080da88 - 0x4080ea80


Core  0 register dump:
MEPC    : 0x4200c3fe  RA      : 0x4200947c  SP      : 0x4080d9e0  GP      : 0x4080ace4
--- Stack dump detected
--- 0x4200c3fe: pqcrystals_mlkem512_ref_indcpa_keypair_derand at /Users/simeon/Desktop/Repositories/ml-kem-espidf/main/mlkem-embedded/mlkem/indcpa.c:29
--- 0x4200947c: pqcrystals_mlkem512_ref_keypair_derand at /Users/simeon/Desktop/Repositories/ml-kem-espidf/main/mlkem-embedded/mlkem/kem.c:30
TP      : 0x4080ea80  T0      : 0x4001117a  T1      : 0x0000001c  T2      : 0x00000000
--- 0x4001117a: __retarget_lock_release_recursive in ROM
S0/FP   : 0x4080e0a0  S1      : 0x4080e700  A0      : 0x4080e700  A1      : 0x4080e0a0
A2      : 0x4080e050  A3      : 0x00000001  A4      : 0x00000000  A5      : 0x00000040
A6      : 0x4080e02c  A7      : 0xebda66bd  S2      : 0x4080e050  S3      : 0x00000000
S4      : 0x00000000  S5      : 0x00000000  S6      : 0x00000000  S7      : 0x00000000
S8      : 0x00000000  S9      : 0x00000000  S10     : 0x00000000  S11     : 0x00000000
T3      : 0x00000000  T4      : 0x00000000  T5      : 0x00000000  T6      : 0x00000000
MSTATUS : 0x00001881  MTVEC   : 0x40802001  MCAUSE  : 0x0000001b  MTVAL   : 0x64912a23
--- 0x40802001: _vector_table at /Users/simeon/esp/esp-idf/components/riscv/vectors_intc.S:54
MHARTID : 0x00000000


--- Backtrace:


add symbol table from file "/Users/simeon/Desktop/Repositories/ml-kem-espidf/build/bootloader/bootloader.elf"
0x4200c3fe in pqcrystals_mlkem512_ref_indcpa_keypair_derand (pk=pk@entry=0x4080e700 "", sk=sk@entry=0x4080e0a0 "", coins=coins@entry=0x4080e050 "") at /Users/simeon/Desktop/Repositories/ml-kem-espidf/main/mlkem-embedded/mlkem/indcpa.c:29
29	                           const uint8_t coins[MLKEM_SYMBYTES]) {
#0  0x4200c3fe in pqcrystals_mlkem512_ref_indcpa_keypair_derand (pk=pk@entry=0x4080e700 "", sk=sk@entry=0x4080e0a0 "", coins=coins@entry=0x4080e050 "") at /Users/simeon/Desktop/Repositories/ml-kem-espidf/main/mlkem-embedded/mlkem/indcpa.c:29
#1  0x4200947c in pqcrystals_mlkem512_ref_keypair_derand (pk=0x4080e700 "", sk=0x4080e0a0 "", coins=0x4080e050 "") at /Users/simeon/Desktop/Repositories/ml-kem-espidf/main/mlkem-embedded/mlkem/kem.c:29
#2  0x00000000 in ?? ()
Backtrace stopped: frame did not save the PC



ELF file SHA256: a3ccce3b7

Rebooting...
ESP-ROM:esp32h2-20221101
Build:Nov  1 2022
rst:0xc (SW_CPU),boot:0xf (SPI_FAST_FLASH_BOOT)
Saved PC:0x400031b6
--- 0x400031b6: software_reset_cpu in ROM
SPIWP:0xee
mode:DIO, clock div:1
load:0x408460f0,len:0x1a5c
load:0x4083c2d0,len:0xfc0
--- 0x4083c2d0: esp_bootloader_get_description at /Users/simeon/esp/esp-idf/components/esp_bootloader_format/esp_bootloader_desc.c:40
load:0x4083efd0,len:0x2ffc
--- 0x4083efd0: esp_flash_encryption_enabled at /Users/simeon/esp/esp-idf/components/bootloader_support/src/flash_encrypt.c:89
entry 0x4083c2dc
--- 0x4083c2dc: call_start_cpu0 at /Users/simeon/esp/esp-idf/components/bootloader/subproject/main/bootloader_start.c:25
I (22) boot: ESP-IDF 3f3f8436be 2nd stage bootloader
I (22) boot: compile time Oct 24 2025 16:24:15
I (24) boot: chip revision: v0.1
I (24) boot: efuse block revision: v0.2
I (25) boot.esp32h2: SPI Speed      : 64MHz
I (25) boot.esp32h2: SPI Mode       : DIO
I (26) boot.esp32h2: SPI Flash Size : 4MB
I (27) boot: Enabling RNG early entropy source...
I (27) boot: Partition Table:
I (28) boot: ## Label            Usage          Type ST Offset   Length
I (29) boot:  0 nvs              WiFi data        01 02 00009000 00006000
I (30) boot:  1 phy_init         RF data          01 01 0000f000 00001000
I (31) boot:  2 factory          factory app      00 00 00010000 00140000
I (32) boot: End of partition table
I (33) esp_image: segment 0: paddr=00010020 vaddr=42020020 size=08c84h ( 35972) map
I (50) esp_image: segment 1: paddr=00018cac vaddr=40800000 size=0736ch ( 29548) load
I (65) esp_image: segment 2: paddr=00020020 vaddr=42000020 size=17d48h ( 97608) map
I (106) esp_image: segment 3: paddr=00037d70 vaddr=4080736c size=049e8h ( 18920) load
I (123) boot: Loaded app from partition at offset 0x10000
I (124) boot: Disabling RNG early entropy source...
I (126) cpu_start: Unicore app
I (134) cpu_start: GPIO 23 and 24 are used as console UART I/O pins
I (135) cpu_start: Pro cpu start user code
I (135) cpu_start: cpu freq: 96000000 Hz
I (136) app_init: Application information:
I (136) app_init: Project name:     esp_ot_cli
I (136) app_init: App version:      67fbc08-dirty
I (137) app_init: Compile time:     Oct 24 2025 16:49:58
I (137) app_init: ELF file SHA256:  a3ccce3b7...
I (138) app_init: ESP-IDF:          3f3f8436be
I (138) efuse_init: Min chip rev:     v0.0
I (138) efuse_init: Max chip rev:     v1.99
I (139) efuse_init: Chip rev:         v0.1
I (139) heap_init: Initializing. RAM available for dynamic allocation:
I (140) heap_init: At 4080CE30 len 00040550 (257 KiB): RAM
I (140) heap_init: At 4084D380 len 00002B60 (10 KiB): RAM
I (141) heap_init: At 50000000 len 00000FE8 (3 KiB): RTCRAM
W (142) spi_flash: Detected GigaDevice flash chip but using generic driver. For optimal functionality, enable `SPI_FLASH_SUPPORT_GD_CHIP` in menuconfig
I (143) spi_flash: detected chip: generic
I (144) spi_flash: flash io: dio
I (144) sleep_gpio: Configure to isolate all GPIO pins in sleep state
I (145) sleep_gpio: Enable automatic switching of GPIO sleep configuration
I (146) main_task: Started on CPU0
I (146) main_task: Calling app_main()
Guru Meditation Error: Core  0 panic'ed (Stack protection fault).

Detected in task "main" at 0x4200c3f6
--- 0x4200c3f6: pqcrystals_mlkem512_ref_indcpa_keypair_derand at /Users/simeon/Desktop/Repositories/ml-kem-espidf/main/mlkem-embedded/mlkem/indcpa.c:29
Stack pointer: 0x4080d9e0
Stack bounds: 0x4080da88 - 0x4080ea80


Core  0 register dump:
MEPC    : 0x4200c3fe  RA      : 0x4200947c  SP      : 0x4080d9e0  GP      : 0x4080ace4
--- Stack dump detected
--- 0x4200c3fe: pqcrystals_mlkem512_ref_indcpa_keypair_derand at /Users/simeon/Desktop/Repositories/ml-kem-espidf/main/mlkem-embedded/mlkem/indcpa.c:29
--- 0x4200947c: pqcrystals_mlkem512_ref_keypair_derand at /Users/simeon/Desktop/Repositories/ml-kem-espidf/main/mlkem-embedded/mlkem/kem.c:30
TP      : 0x4080ea80  T0      : 0x4001117a  T1      : 0x0000001c  T2      : 0x00000000
--- 0x4001117a: __retarget_lock_release_recursive in ROM
S0/FP   : 0x4080e0a0  S1      : 0x4080e700  A0      : 0x4080e700  A1      : 0x4080e0a0
A2      : 0x4080e050  A3      : 0x00000001  A4      : 0x00000000  A5      : 0x00000040
A6      : 0x4080e02c  A7      : 0xebda66bd  S2      : 0x4080e050  S3      : 0x00000000
S4      : 0x00000000  S5      : 0x00000000  S6      : 0x00000000  S7      : 0x00000000
S8      : 0x00000000  S9      : 0x00000000  S10     : 0x00000000  S11     : 0x00000000
T3      : 0x00000000  T4      : 0x00000000  T5      : 0x00000000  T6      : 0x00000000
MSTATUS : 0x00001881  MTVEC   : 0x40802001  MCAUSE  : 0x0000001b  MTVAL   : 0x64912a23
--- 0x40802001: _vector_table at /Users/simeon/esp/esp-idf/components/riscv/vectors_intc.S:54
MHARTID : 0x00000000


--- Backtrace:


add symbol table from file "/Users/simeon/Desktop/Repositories/ml-kem-espidf/build/bootloader/bootloader.elf"
0x4200c3fe in pqcrystals_mlkem512_ref_indcpa_keypair_derand (pk=pk@entry=0x4080e700 "", sk=sk@entry=0x4080e0a0 "", coins=coins@entry=0x4080e050 "") at /Users/simeon/Desktop/Repositories/ml-kem-espidf/main/mlkem-embedded/mlkem/indcpa.c:29
29	                           const uint8_t coins[MLKEM_SYMBYTES]) {
#0  0x4200c3fe in pqcrystals_mlkem512_ref_indcpa_keypair_derand (pk=pk@entry=0x4080e700 "", sk=sk@entry=0x4080e0a0 "", coins=coins@entry=0x4080e050 "") at /Users/simeon/Desktop/Repositories/ml-kem-espidf/main/mlkem-embedded/mlkem/indcpa.c:29
#1  0x4200947c in pqcrystals_mlkem512_ref_keypair_derand (pk=0x4080e700 "", sk=0x4080e0a0 "", coins=0x4080e050 "") at /Users/simeon/Desktop/Repositories/ml-kem-espidf/main/mlkem-embedded/mlkem/kem.c:29
#2  0x00000000 in ?? ()
Backtrace stopped: frame did not save the PC



ELF file SHA256: a3ccce3b7

Rebooting...
ESP-ROM:esp32h2-20221101
Build:Nov  1 2022
rst:0xc (SW_CPU),boot:0xf (SPI_FAST_FLASH_BOOT)
Saved PC:0x400031b6
--- 0x400031b6: software_reset_cpu in ROM
SPIWP:0xee
mode:DIO, clock div:1
load:0x408460f0,len:0x1a5c
load:0x4083c2d0,len:0xfc0
--- 0x4083c2d0: esp_bootloader_get_description at /Users/simeon/esp/esp-idf/components/esp_bootloader_format/esp_bootloader_desc.c:40
load:0x4083efd0,len:0x2ffc
--- 0x4083efd0: esp_flash_encryption_enabled at /Users/simeon/esp/esp-idf/components/bootloader_support/src/flash_encrypt.c:89
entry 0x4083c2dc
--- 0x4083c2dc: call_start_cpu0 at /Users/simeon/esp/esp-idf/components/bootloader/subproject/main/bootloader_start.c:25
I (22) boot: ESP-IDF 3f3f8436be 2nd stage bootloader
I (22) boot: compile time Oct 24 2025 16:24:15
I (24) boot: chip revision: v0.1
I (24) boot: efuse block revision: v0.2
I (25) boot.esp32h2: SPI Speed      : 64MHz
I (25) boot.esp32h2: SPI Mode       : DIO
I (26) boot.esp32h2: SPI Flash Size : 4MB
I (26) boot: Enabling RNG early entropy source...
I (27) boot: Partition Table:
I (28) boot: ## Label            Usage          Type ST Offset   Length
I (29) boot:  0 nvs              WiFi data        01 02 00009000 00006000
I (30) boot:  1 phy_init         RF data          01 01 0000f000 00001000
I (31) boot:  2 factory          factory app      00 00 00010000 00140000
I (32) boot: End of partition table
I (33) esp_image: segment 0: paddr=00010020 vaddr=42020020 size=08c84h ( 35972) map
I (50) esp_image: segment 1: paddr=00018cac vaddr=40800000 size=0736ch ( 29548) load
I (64) esp_image: segment 2: paddr=00020020 vaddr=42000020 size=17d48h ( 97608) map
I (106) esp_image: segment 3: paddr=00037d70 vaddr=4080736c size=049e8h ( 18920) load
I (123) boot: Loaded app from partition at offset 0x10000
I (124) boot: Disabling RNG early entropy source...
I (126) cpu_start: Unicore app
I (134) cpu_start: GPIO 23 and 24 are used as console UART I/O pins
I (135) cpu_start: Pro cpu start user code
I (135) cpu_start: cpu freq: 96000000 Hz
I (135) app_init: Application information:
I (136) app_init: Project name:     esp_ot_cli
I (136) app_init: App version:      67fbc08-dirty
I (136) app_init: Compile time:     Oct 24 2025 16:49:58
I (137) app_init: ELF file SHA256:  a3ccce3b7...
I (137) app_init: ESP-IDF:          3f3f8436be
I (138) efuse_init: Min chip rev:     v0.0
I (138) efuse_init: Max chip rev:     v1.99
I (138) efuse_init: Chip rev:         v0.1
I (139) heap_init: Initializing. RAM available for dynamic allocation:
I (139) heap_init: At 4080CE30 len 00040550 (257 KiB): RAM
I (140) heap_init: At 4084D380 len 00002B60 (10 KiB): RAM
I (140) heap_init: At 50000000 len 00000FE8 (3 KiB): RTCRAM
W (142) spi_flash: Detected GigaDevice flash chip but using generic driver. For optimal functionality, enable `SPI_FLASH_SUPPORT_GD_CHIP` in menuconfig
I (143) spi_flash: detected chip: generic
I (143) spi_flash: flash io: dio
I (144) sleep_gpio: Configure to isolate all GPIO pins in sleep state
I (144) sleep_gpio: Enable automatic switching of GPIO sleep configuration
I (146) main_task: Started on CPU0
I (146) main_task: Calling app_main()
Guru Meditation Error: Core  0 panic'ed (Stack protection fault).

Detected in task "main" at 0x4200c3f6
--- 0x4200c3f6: pqcrystals_mlkem512_ref_indcpa_keypair_derand at /Users/simeon/Desktop/Repositories/ml-kem-espidf/main/mlkem-embedded/mlkem/indcpa.c:29
Stack pointer: 0x4080d9e0
Stack bounds: 0x4080da88 - 0x4080ea80


Core  0 register dump:
MEPC    : 0x4200c3fe  RA      : 0x4200947c  SP      : 0x4080d9e0  GP      : 0x4080ace4
--- Stack dump detected
--- 0x4200c3fe: pqcrystals_mlkem512_ref_indcpa_keypair_derand at /Users/simeon/Desktop/Repositories/ml-kem-espidf/main/mlkem-embedded/mlkem/indcpa.c:29
--- 0x4200947c: pqcrystals_mlkem512_ref_keypair_derand at /Users/simeon/Desktop/Repositories/ml-kem-espidf/main/mlkem-embedded/mlkem/kem.c:30
TP      : 0x4080ea80  T0      : 0x4001117a  T1      : 0x0000001c  T2      : 0x00000000
--- 0x4001117a: __retarget_lock_release_recursive in ROM
S0/FP   : 0x4080e0a0  S1      : 0x4080e700  A0      : 0x4080e700  A1      : 0x4080e0a0
A2      : 0x4080e050  A3      : 0x00000001  A4      : 0x00000000  A5      : 0x00000040
A6      : 0x4080e02c  A7      : 0xebda66bd  S2      : 0x4080e050  S3      : 0x00000000
S4      : 0x00000000  S5      : 0x00000000  S6      : 0x00000000  S7      : 0x00000000
S8      : 0x00000000  S9      : 0x00000000  S10     : 0x00000000  S11     : 0x00000000
T3      : 0x00000000  T4      : 0x00000000  T5      : 0x00000000  T6      : 0x00000000
MSTATUS : 0x00001881  MTVEC   : 0x40802001  MCAUSE  : 0x0000001b  MTVAL   : 0x64912a23
--- 0x40802001: _vector_table at /Users/simeon/esp/esp-idf/components/riscv/vectors_intc.S:54
MHARTID : 0x00000000


--- Backtrace:


add symbol table from file "/Users/simeon/Desktop/Repositories/ml-kem-espidf/build/bootloader/bootloader.elf"
0x4200c3fe in pqcrystals_mlkem512_ref_indcpa_keypair_derand (pk=pk@entry=0x4080e700 "", sk=sk@entry=0x4080e0a0 "", coins=coins@entry=0x4080e050 "") at /Users/simeon/Desktop/Repositories/ml-kem-espidf/main/mlkem-embedded/mlkem/indcpa.c:29
29	                           const uint8_t coins[MLKEM_SYMBYTES]) {
#0  0x4200c3fe in pqcrystals_mlkem512_ref_indcpa_keypair_derand (pk=pk@entry=0x4080e700 "", sk=sk@entry=0x4080e0a0 "", coins=coins@entry=0x4080e050 "") at /Users/simeon/Desktop/Repositories/ml-kem-espidf/main/mlkem-embedded/mlkem/indcpa.c:29
#1  0x4200947c in pqcrystals_mlkem512_ref_keypair_derand (pk=0x4080e700 "", sk=0x4080e0a0 "", coins=0x4080e050 "") at /Users/simeon/Desktop/Repositories/ml-kem-espidf/main/mlkem-embedded/mlkem/kem.c:29
#2  0x00000000 in ?? ()
Backtrace stopped: frame did not save the PC



ELF file SHA256: a3ccce3b7

Rebooting...
ESP-ROM:esp32h2-20221101
Build:Nov  1 2022
rst:0xc (SW_CPU),boot:0xf (SPI_FAST_FLASH_BOOT)
Saved PC:0x400031b6
--- 0x400031b6: software_reset_cpu in ROM
SPIWP:0xee
mode:DIO, clock div:1
load:0x408460f0,len:0x1a5c
load:0x4083c2d0,len:0xfc0
--- 0x4083c2d0: esp_bootloader_get_description at /Users/simeon/esp/esp-idf/components/esp_bootloader_format/esp_bootloader_desc.c:40
load:0x4083efd0,len:0x2ffc
--- 0x4083efd0: esp_flash_encryption_enabled at /Users/simeon/esp/esp-idf/components/bootloader_support/src/flash_encrypt.c:89
entry 0x4083c2dc
--- 0x4083c2dc: call_start_cpu0 at /Users/simeon/esp/esp-idf/components/bootloader/subproject/main/bootloader_start.c:25
I (22) boot: ESP-IDF 3f3f8436be 2nd stage bootloader
I (22) boot: compile time Oct 24 2025 16:24:15
I (24) boot: chip revision: v0.1
I (24) boot: efuse block revision: v0.2
I (25) boot.esp32h2: SPI Speed      : 64MHz
I (25) boot.esp32h2: SPI Mode       : DIO
I (26) boot.esp32h2: SPI Flash Size : 4MB
I (26) boot: Enabling RNG early entropy source...
I (27) boot: Partition Table:
I (28) boot: ## Label            Usage          Type ST Offset   Length
I (29) boot:  0 nvs              WiFi data        01 02 00009000 00006000
I (30) boot:  1 phy_init         RF data          01 01 0000f000 00001000
I (31) boot:  2 factory          factory app      00 00 00010000 00140000
I (32) boot: End of partition table
I (33) esp_image: segment 0: paddr=00010020 vaddr=42020020 size=08c84h ( 35972) map
I (50) esp_image: segment 1: paddr=00018cac vaddr=40800000 size=0736ch ( 29548) load
I (65) esp_image: segment 2: paddr=00020020 vaddr=42000020 size=17d48h ( 97608) map
I (106) esp_image: segment 3: paddr=00037d70 vaddr=4080736c size=049e8h ( 18920) load
I (123) boot: Loaded app from partition at offset 0x10000
I (124) boot: Disabling RNG early entropy source...
I (126) cpu_start: Unicore app
I (134) cpu_start: GPIO 23 and 24 are used as console UART I/O pins
I (135) cpu_start: Pro cpu start user code
I (135) cpu_start: cpu freq: 96000000 Hz
I (136) app_init: Application information:
I (136) app_init: Project name:     esp_ot_cli
I (136) app_init: App version:      67fbc08-dirty
I (137) app_init: Compile time:     Oct 24 2025 16:49:58
I (137) app_init: ELF file SHA256:  a3ccce3b7...
I (137) app_init: ESP-IDF:          3f3f8436be
I (138) efuse_init: Min chip rev:     v0.0
I (138) efuse_init: Max chip rev:     v1.99
I (139) efuse_init: Chip rev:         v0.1
I (139) heap_init: Initializing. RAM available for dynamic allocation:
I (139) heap_init: At 4080CE30 len 00040550 (257 KiB): RAM
I (140) heap_init: At 4084D380 len 00002B60 (10 KiB): RAM
I (141) heap_init: At 50000000 len 00000FE8 (3 KiB): RTCRAM
W (142) spi_flash: Detected GigaDevice flash chip but using generic driver. For optimal functionality, enable `SPI_FLASH_SUPPORT_GD_CHIP` in menuconfig
I (143) spi_flash: detected chip: generic
I (143) spi_flash: flash io: dio
I (144) sleep_gpio: Configure to isolate all GPIO pins in sleep state
I (145) sleep_gpio: Enable automatic switching of GPIO sleep configuration
I (146) main_task: Started on CPU0
I (146) main_task: Calling app_main()
Guru Meditation Error: Core  0 panic'ed (Stack protection fault).

Detected in task "main" at 0x4200c3f6
--- 0x4200c3f6: pqcrystals_mlkem512_ref_indcpa_keypair_derand at /Users/simeon/Desktop/Repositories/ml-kem-espidf/main/mlkem-embedded/mlkem/indcpa.c:29
Stack pointer: 0x4080d9e0
Stack bounds: 0x4080da88 - 0x4080ea80


Core  0 register dump:
--- Stack dump detected
MEPC    : 0x4200c3fe  RA      : 0x4200947c  SP      : 0x4080d9e0  GP      : 0x4080ace4
--- 0x4200c3fe: pqcrystals_mlkem512_ref_indcpa_keypair_derand at /Users/simeon/Desktop/Repositories/ml-kem-espidf/main/mlkem-embedded/mlkem/indcpa.c:29
--- 0x4200947c: pqcrystals_mlkem512_ref_keypair_derand at /Users/simeon/Desktop/Repositories/ml-kem-espidf/main/mlkem-embedded/mlkem/kem.c:30
TP      : 0x4080ea80  T0      : 0x4001117a  T1      : 0x0000001c  T2      : 0x00000000
--- 0x4001117a: __retarget_lock_release_recursive in ROM
S0/FP   : 0x4080e0a0  S1      : 0x4080e700  A0      : 0x4080e700  A1      : 0x4080e0a0
A2      : 0x4080e050  A3      : 0x00000001  A4      : 0x00000000  A5      : 0x00000040
A6      : 0x4080e02c  A7      : 0xebda66bd  S2      : 0x4080e050  S3      : 0x00000000
S4      : 0x00000000  S5      : 0x00000000  S6      : 0x00000000  S7      : 0x00000000
S8      : 0x00000000  S9      : 0x00000000  S10     : 0x00000000  S11     : 0x00000000
T3      : 0x00000000  T4      : 0x00000000  T5      : 0x00000000  T6      : 0x00000000
MSTATUS : 0x00001881  MTVEC   : 0x40802001  MCAUSE  : 0x0000001b  MTVAL   : 0x64912a23
--- 0x40802001: _vector_table at /Users/simeon/esp/esp-idf/components/riscv/vectors_intc.S:54
MHARTID : 0x00000000


--- Backtrace:


add symbol table from file "/Users/simeon/Desktop/Repositories/ml-kem-espidf/build/bootloader/bootloader.elf"
0x4200c3fe in pqcrystals_mlkem512_ref_indcpa_keypair_derand (pk=pk@entry=0x4080e700 "", sk=sk@entry=0x4080e0a0 "", coins=coins@entry=0x4080e050 "") at /Users/simeon/Desktop/Repositories/ml-kem-espidf/main/mlkem-embedded/mlkem/indcpa.c:29
29	                           const uint8_t coins[MLKEM_SYMBYTES]) {
#0  0x4200c3fe in pqcrystals_mlkem512_ref_indcpa_keypair_derand (pk=pk@entry=0x4080e700 "", sk=sk@entry=0x4080e0a0 "", coins=coins@entry=0x4080e050 "") at /Users/simeon/Desktop/Repositories/ml-kem-espidf/main/mlkem-embedded/mlkem/indcpa.c:29
#1  0x4200947c in pqcrystals_mlkem512_ref_keypair_derand (pk=0x4080e700 "", sk=0x4080e0a0 "", coins=0x4080e050 "") at /Users/simeon/Desktop/Repositories/ml-kem-espidf/main/mlkem-embedded/mlkem/kem.c:29
#2  0x00000000 in ?? ()
Backtrace stopped: frame did not save the PC



ELF file SHA256: a3ccce3b7

Rebooting...
ESP-ROM:esp32h2-20221101
Build:Nov  1 2022
rst:0xc (SW_CPU),boot:0xf (SPI_FAST_FLASH_BOOT)
Saved PC:0x400031b6
--- 0x400031b6: software_reset_cpu in ROM
SPIWP:0xee
mode:DIO, clock div:1
load:0x408460f0,len:0x1a5c
load:0x4083c2d0,len:0xfc0
--- 0x4083c2d0: esp_bootloader_get_description at /Users/simeon/esp/esp-idf/components/esp_bootloader_format/esp_bootloader_desc.c:40
load:0x4083efd0,len:0x2ffc
--- 0x4083efd0: esp_flash_encryption_enabled at /Users/simeon/esp/esp-idf/components/bootloader_support/src/flash_encrypt.c:89
entry 0x4083c2dc
--- 0x4083c2dc: call_start_cpu0 at /Users/simeon/esp/esp-idf/components/bootloader/subproject/main/bootloader_start.c:25
I (22) boot: ESP-IDF 3f3f8436be 2nd stage bootloader
I (22) boot: compile time Oct 24 2025 16:24:15
I (24) boot: chip revision: v0.1
I (24) boot: efuse block revision: v0.2
I (25) boot.esp32h2: SPI Speed      : 64MHz
I (25) boot.esp32h2: SPI Mode       : DIO
I (26) boot.esp32h2: SPI Flash Size : 4MB
I (26) boot: Enabling RNG early entropy source...
I (27) boot: Partition Table:
I (28) boot: ## Label            Usage          Type ST Offset   Length
I (29) boot:  0 nvs              WiFi data        01 02 00009000 00006000
I (30) boot:  1 phy_init         RF data          01 01 0000f000 00001000
I (31) boot:  2 factory          factory app      00 00 00010000 00140000
I (32) boot: End of partition table
I (33) esp_image: segment 0: paddr=00010020 vaddr=42020020 size=08c84h ( 35972) map
I (50) esp_image: segment 1: paddr=00018cac vaddr=40800000 size=0736ch ( 29548) load
I (64) esp_image: segment 2: paddr=00020020 vaddr=42000020 size=17d48h ( 97608) map
I (106) esp_image: segment 3: paddr=00037d70 vaddr=4080736c size=049e8h ( 18920) load
I (123) boot: Loaded app from partition at offset 0x10000
I (124) boot: Disabling RNG early entropy source...
I (126) cpu_start: Unicore app
I (134) cpu_start: GPIO 23 and 24 are used as console UART I/O pins
I (135) cpu_start: Pro cpu start user code
I (135) cpu_start: cpu freq: 96000000 Hz
I (136) app_init: Application information:
I (136) app_init: Project name:     esp_ot_cli
I (136) app_init: App version:      67fbc08-dirty
I (137) app_init: Compile time:     Oct 24 2025 16:49:58
I (137) app_init: ELF file SHA256:  a3ccce3b7...
I (137) app_init: ESP-IDF:          3f3f8436be
I (138) efuse_init: Min chip rev:     v0.0
I (138) efuse_init: Max chip rev:     v1.99
I (139) efuse_init: Chip rev:         v0.1
I (139) heap_init: Initializing. RAM available for dynamic allocation:
I (139) heap_init: At 4080CE30 len 00040550 (257 KiB): RAM
I (140) heap_init: At 4084D380 len 00002B60 (10 KiB): RAM
I (141) heap_init: At 50000000 len 00000FE8 (3 KiB): RTCRAM
W (142) spi_flash: Detected GigaDevice flash chip but using generic driver. For optimal functionality, enable `SPI_FLASH_SUPPORT_GD_CHIP` in menuconfig
I (143) spi_flash: detected chip: generic
I (143) spi_flash: flash io: dio
I (144) sleep_gpio: Configure to isolate all GPIO pins in sleep state
I (145) sleep_gpio: Enable automatic switching of GPIO sleep configuration
I (146) main_task: Started on CPU0
I (146) main_task: Calling app_main()
Guru Meditation Error: Core  0 panic'ed (Stack protection fault).

Detected in task "main" at 0x4200c3f6
--- 0x4200c3f6: pqcrystals_mlkem512_ref_indcpa_keypair_derand at /Users/simeon/Desktop/Repositories/ml-kem-espidf/main/mlkem-embedded/mlkem/indcpa.c:29
Stack pointer: 0x4080d9e0
Stack bounds: 0x4080da88 - 0x4080ea80


Core  0 register dump:
MEPC    : 0x4200c3fe  RA      : 0x4200947c  SP      : 0x4080d9e0  GP      : 0x4080ace4
--- Stack dump detected
--- 0x4200c3fe: pqcrystals_mlkem512_ref_indcpa_keypair_derand at /Users/simeon/Desktop/Repositories/ml-kem-espidf/main/mlkem-embedded/mlkem/indcpa.c:29
--- 0x4200947c: pqcrystals_mlkem512_ref_keypair_derand at /Users/simeon/Desktop/Repositories/ml-kem-espidf/main/mlkem-embedded/mlkem/kem.c:30
TP      : 0x4080ea80  T0      : 0x4001117a  T1      : 0x0000001c  T2      : 0x00000000
--- 0x4001117a: __retarget_lock_release_recursive in ROM
S0/FP   : 0x4080e0a0  S1      : 0x4080e700  A0      : 0x4080e700  A1      : 0x4080e0a0
A2      : 0x4080e050  A3      : 0x00000001  A4      : 0x00000000  A5      : 0x00000040
A6      : 0x4080e02c  A7      : 0xebda66bd  S2      : 0x4080e050  S3      : 0x00000000
S4      : 0x00000000  S5      : 0x00000000  S6      : 0x00000000  S7      : 0x00000000
S8      : 0x00000000  S9      : 0x00000000  S10     : 0x00000000  S11     : 0x00000000
T3      : 0x00000000  T4      : 0x00000000  T5      : 0x00000000  T6      : 0x00000000
MSTATUS : 0x00001881  MTVEC   : 0x40802001  MCAUSE  : 0x0000001b  MTVAL   : 0x64912a23
--- 0x40802001: _vector_table at /Users/simeon/esp/esp-idf/components/riscv/vectors_intc.S:54
MHARTID : 0x00000000


--- Backtrace:


add symbol table from file "/Users/simeon/Desktop/Repositories/ml-kem-espidf/build/bootloader/bootloader.elf"
0x4200c3fe in pqcrystals_mlkem512_ref_indcpa_keypair_derand (pk=pk@entry=0x4080e700 "", sk=sk@entry=0x4080e0a0 "", coins=coins@entry=0x4080e050 "") at /Users/simeon/Desktop/Repositories/ml-kem-espidf/main/mlkem-embedded/mlkem/indcpa.c:29
29	                           const uint8_t coins[MLKEM_SYMBYTES]) {
#0  0x4200c3fe in pqcrystals_mlkem512_ref_indcpa_keypair_derand (pk=pk@entry=0x4080e700 "", sk=sk@entry=0x4080e0a0 "", coins=coins@entry=0x4080e050 "") at /Users/simeon/Desktop/Repositories/ml-kem-espidf/main/mlkem-embedded/mlkem/indcpa.c:29
#1  0x4200947c in pqcrystals_mlkem512_ref_keypair_derand (pk=0x4080e700 "", sk=0x4080e0a0 "", coins=0x4080e050 "") at /Users/simeon/Desktop/Repositories/ml-kem-espidf/main/mlkem-embedded/mlkem/kem.c:29
#2  0x00000000 in ?? ()
Backtrace stopped: frame did not save the PC



ELF file SHA256: a3ccce3b7

Rebooting...
ESP-ROM:esp32h2-20221101
Build:Nov  1 2022
rst:0xc (SW_CPU),boot:0xf (SPI_FAST_FLASH_BOOT)
Saved PC:0x400031b6
--- 0x400031b6: software_reset_cpu in ROM
SPIWP:0xee
mode:DIO, clock div:1
load:0x408460f0,len:0x1a5c
load:0x4083c2d0,len:0xfc0
--- 0x4083c2d0: esp_bootloader_get_description at /Users/simeon/esp/esp-idf/components/esp_bootloader_format/esp_bootloader_desc.c:40
load:0x4083efd0,len:0x2ffc
--- 0x4083efd0: esp_flash_encryption_enabled at /Users/simeon/esp/esp-idf/components/bootloader_support/src/flash_encrypt.c:89
entry 0x4083c2dc
--- 0x4083c2dc: call_start_cpu0 at /Users/simeon/esp/esp-idf/components/bootloader/subproject/main/bootloader_start.c:25
I (22) boot: ESP-IDF 3f3f8436be 2nd stage bootloader
I (22) boot: compile time Oct 24 2025 16:24:15
I (24) boot: chip revision: v0.1
I (24) boot: efuse block revision: v0.2
I (25) boot.esp32h2: SPI Speed      : 64MHz
I (25) boot.esp32h2: SPI Mode       : DIO
I (26) boot.esp32h2: SPI Flash Size : 4MB
I (26) boot: Enabling RNG early entropy source...
I (27) boot: Partition Table:
I (28) boot: ## Label            Usage          Type ST Offset   Length
I (29) boot:  0 nvs              WiFi data        01 02 00009000 00006000
I (30) boot:  1 phy_init         RF data          01 01 0000f000 00001000
I (31) boot:  2 factory          factory app      00 00 00010000 00140000
I (32) boot: End of partition table
I (33) esp_image: segment 0: paddr=00010020 vaddr=42020020 size=08c84h ( 35972) map
I (50) esp_image: segment 1: paddr=00018cac vaddr=40800000 size=0736ch ( 29548) load
I (64) esp_image: segment 2: paddr=00020020 vaddr=42000020 size=17d48h ( 97608) map
I (106) esp_image: segment 3: paddr=00037d70 vaddr=4080736c size=049e8h ( 18920) load
I (123) boot: Loaded app from partition at offset 0x10000
I (124) boot: Disabling RNG early entropy source...
I (126) cpu_start: Unicore app
I (134) cpu_start: GPIO 23 and 24 are used as console UART I/O pins
I (135) cpu_start: Pro cpu start user code
I (135) cpu_start: cpu freq: 96000000 Hz
I (136) app_init: Application information:
I (136) app_init: Project name:     esp_ot_cli
I (136) app_init: App version:      67fbc08-dirty
I (137) app_init: Compile time:     Oct 24 2025 16:49:58
I (137) app_init: ELF file SHA256:  a3ccce3b7...
I (137) app_init: ESP-IDF:          3f3f8436be
I (138) efuse_init: Min chip rev:     v0.0
I (138) efuse_init: Max chip rev:     v1.99
I (138) efuse_init: Chip rev:         v0.1
I (139) heap_init: Initializing. RAM available for dynamic allocation:
I (139) heap_init: At 4080CE30 len 00040550 (257 KiB): RAM
I (140) heap_init: At 4084D380 len 00002B60 (10 KiB): RAM
I (140) heap_init: At 50000000 len 00000FE8 (3 KiB): RTCRAM
W (142) spi_flash: Detected GigaDevice flash chip but using generic driver. For optimal functionality, enable `SPI_FLASH_SUPPORT_GD_CHIP` in menuconfig
I (143) spi_flash: detected chip: generic
I (143) spi_flash: flash io: dio
I (144) sleep_gpio: Configure to isolate all GPIO pins in sleep state
I (145) sleep_gpio: Enable automatic switching of GPIO sleep configuration
I (146) main_task: Started on CPU0
I (146) main_task: Calling app_main()
Guru Meditation Error: Core  0 panic'ed (Stack protection fault).

Detected in task "main" at 0x4200c3f6
--- 0x4200c3f6: pqcrystals_mlkem512_ref_indcpa_keypair_derand at /Users/simeon/Desktop/Repositories/ml-kem-espidf/main/mlkem-embedded/mlkem/indcpa.c:29
Stack pointer: 0x4080d9e0
Stack bounds: 0x4080da88 - 0x4080ea80


Core  0 register dump:
MEPC    : 0x4200c3fe  RA      : 0x4200947c  SP      : 0x4080d9e0  GP      : 0x4080ace4
--- Stack dump detected
--- 0x4200c3fe: pqcrystals_mlkem512_ref_indcpa_keypair_derand at /Users/simeon/Desktop/Repositories/ml-kem-espidf/main/mlkem-embedded/mlkem/indcpa.c:29
--- 0x4200947c: pqcrystals_mlkem512_ref_keypair_derand at /Users/simeon/Desktop/Repositories/ml-kem-espidf/main/mlkem-embedded/mlkem/kem.c:30
TP      : 0x4080ea80  T0      : 0x4001117a  T1      : 0x0000001c  T2      : 0x00000000
--- 0x4001117a: __retarget_lock_release_recursive in ROM
S0/FP   : 0x4080e0a0  S1      : 0x4080e700  A0      : 0x4080e700  A1      : 0x4080e0a0
A2      : 0x4080e050  A3      : 0x00000001  A4      : 0x00000000  A5      : 0x00000040
A6      : 0x4080e02c  A7      : 0xebda66bd  S2      : 0x4080e050  S3      : 0x00000000
S4      : 0x00000000  S5      : 0x00000000  S6      : 0x00000000  S7      : 0x00000000
S8      : 0x00000000  S9      : 0x00000000  S10     : 0x00000000  S11     : 0x00000000
T3      : 0x00000000  T4      : 0x00000000  T5      : 0x00000000  T6      : 0x00000000
MSTATUS : 0x00001881  MTVEC   : 0x40802001  MCAUSE  : 0x0000001b  MTVAL   : 0x64912a23
--- 0x40802001: _vector_table at /Users/simeon/esp/esp-idf/components/riscv/vectors_intc.S:54
MHARTID : 0x00000000


--- Backtrace:


add symbol table from file "/Users/simeon/Desktop/Repositories/ml-kem-espidf/build/bootloader/bootloader.elf"
0x4200c3fe in pqcrystals_mlkem512_ref_indcpa_keypair_derand (pk=pk@entry=0x4080e700 "", sk=sk@entry=0x4080e0a0 "", coins=coins@entry=0x4080e050 "") at /Users/simeon/Desktop/Repositories/ml-kem-espidf/main/mlkem-embedded/mlkem/indcpa.c:29
29	                           const uint8_t coins[MLKEM_SYMBYTES]) {
#0  0x4200c3fe in pqcrystals_mlkem512_ref_indcpa_keypair_derand (pk=pk@entry=0x4080e700 "", sk=sk@entry=0x4080e0a0 "", coins=coins@entry=0x4080e050 "") at /Users/simeon/Desktop/Repositories/ml-kem-espidf/main/mlkem-embedded/mlkem/indcpa.c:29
#1  0x4200947c in pqcrystals_mlkem512_ref_keypair_derand (pk=0x4080e700 "", sk=0x4080e0a0 "", coins=0x4080e050 "") at /Users/simeon/Desktop/Repositories/ml-kem-espidf/main/mlkem-embedded/mlkem/kem.c:29
#2  0x00000000 in ?? ()
Backtrace stopped: frame did not save the PC



ELF file SHA256: a3ccce3b7

Rebooting...
ESP-ROM:esp32h2-20221101
Build:Nov  1 2022
rst:0xc (SW_CPU),boot:0xf (SPI_FAST_FLASH_BOOT)
Saved PC:0x400031b6
--- 0x400031b6: software_reset_cpu in ROM
SPIWP:0xee
mode:DIO, clock div:1
load:0x408460f0,len:0x1a5c
load:0x4083c2d0,len:0xfc0
--- 0x4083c2d0: esp_bootloader_get_description at /Users/simeon/esp/esp-idf/components/esp_bootloader_format/esp_bootloader_desc.c:40
load:0x4083efd0,len:0x2ffc
--- 0x4083efd0: esp_flash_encryption_enabled at /Users/simeon/esp/esp-idf/components/bootloader_support/src/flash_encrypt.c:89
entry 0x4083c2dc
--- 0x4083c2dc: call_start_cpu0 at /Users/simeon/esp/esp-idf/components/bootloader/subproject/main/bootloader_start.c:25
I (22) boot: ESP-IDF 3f3f8436be 2nd stage bootloader
I (22) boot: compile time Oct 24 2025 16:24:15
I (24) boot: chip revision: v0.1
I (24) boot: efuse block revision: v0.2
I (25) boot.esp32h2: SPI Speed      : 64MHz
I (25) boot.esp32h2: SPI Mode       : DIO
I (26) boot.esp32h2: SPI Flash Size : 4MB
I (27) boot: Enabling RNG early entropy source...
I (27) boot: Partition Table:
I (28) boot: ## Label            Usage          Type ST Offset   Length
I (29) boot:  0 nvs              WiFi data        01 02 00009000 00006000
I (30) boot:  1 phy_init         RF data          01 01 0000f000 00001000
I (31) boot:  2 factory          factory app      00 00 00010000 00140000
I (32) boot: End of partition table
I (33) esp_image: segment 0: paddr=00010020 vaddr=42020020 size=08c84h ( 35972) map
I (50) esp_image: segment 1: paddr=00018cac vaddr=40800000 size=0736ch ( 29548) load
I (65) esp_image: segment 2: paddr=00020020 vaddr=42000020 size=17d48h ( 97608) map
I (106) esp_image: segment 3: paddr=00037d70 vaddr=4080736c size=049e8h ( 18920) load
I (123) boot: Loaded app from partition at offset 0x10000
I (124) boot: Disabling RNG early entropy source...
I (126) cpu_start: Unicore app
I (134) cpu_start: GPIO 23 and 24 are used as console UART I/O pins
I (135) cpu_start: Pro cpu start user code
I (135) cpu_start: cpu freq: 96000000 Hz
I (136) app_init: Application information:
I (136) app_init: Project name:     esp_ot_cli
I (136) app_init: App version:      67fbc08-dirty
I (137) app_init: Compile time:     Oct 24 2025 16:49:58
I (137) app_init: ELF file SHA256:  a3ccce3b7...
I (137) app_init: ESP-IDF:          3f3f8436be
I (138) efuse_init: Min chip rev:     v0.0
I (138) efuse_init: Max chip rev:     v1.99
I (138) efuse_init: Chip rev:         v0.1
I (139) heap_init: Initializing. RAM available for dynamic allocation:
I (139) heap_init: At 4080CE30 len 00040550 (257 KiB): RAM
I (140) heap_init: At 4084D380 len 00002B60 (10 KiB): RAM
I (140) heap_init: At 50000000 len 00000FE8 (3 KiB): RTCRAM
W (142) spi_flash: Detected GigaDevice flash chip but using generic driver. For optimal functionality, enable `SPI_FLASH_SUPPORT_GD_CHIP` in menuconfig
I (143) spi_flash: detected chip: generic
I (143) spi_flash: flash io: dio
I (144) sleep_gpio: Configure to isolate all GPIO pins in sleep state
I (145) sleep_gpio: Enable automatic switching of GPIO sleep configuration
I (146) main_task: Started on CPU0
I (146) main_task: Calling app_main()
Guru Meditation Error: Core  0 panic'ed (Stack protection fault).

Detected in task "main" at 0x4200c3f6
--- 0x4200c3f6: pqcrystals_mlkem512_ref_indcpa_keypair_derand at /Users/simeon/Desktop/Repositories/ml-kem-espidf/main/mlkem-embedded/mlkem/indcpa.c:29
Stack pointer: 0x4080d9e0
Stack bounds: 0x4080da88 - 0x4080ea80


Core  0 register dump:
MEPC    : 0x4200c3fe  RA      : 0x4200947c  SP      : 0x4080d9e0  GP      : 0x4080ace4
--- Stack dump detected
--- 0x4200c3fe: pqcrystals_mlkem512_ref_indcpa_keypair_derand at /Users/simeon/Desktop/Repositories/ml-kem-espidf/main/mlkem-embedded/mlkem/indcpa.c:29
--- 0x4200947c: pqcrystals_mlkem512_ref_keypair_derand at /Users/simeon/Desktop/Repositories/ml-kem-espidf/main/mlkem-embedded/mlkem/kem.c:30
TP      : 0x4080ea80  T0      : 0x4001117a  T1      : 0x0000001c  T2      : 0x00000000
--- 0x4001117a: __retarget_lock_release_recursive in ROM
S0/FP   : 0x4080e0a0  S1      : 0x4080e700  A0      : 0x4080e700  A1      : 0x4080e0a0
A2      : 0x4080e050  A3      : 0x00000001  A4      : 0x00000000  A5      : 0x00000040
A6      : 0x4080e02c  A7      : 0xebda66bd  S2      : 0x4080e050  S3      : 0x00000000
S4      : 0x00000000  S5      : 0x00000000  S6      : 0x00000000  S7      : 0x00000000
S8      : 0x00000000  S9      : 0x00000000  S10     : 0x00000000  S11     : 0x00000000
T3      : 0x00000000  T4      : 0x00000000  T5      : 0x00000000  T6      : 0x00000000
MSTATUS : 0x00001881  MTVEC   : 0x40802001  MCAUSE  : 0x0000001b  MTVAL   : 0x64912a23
--- 0x40802001: _vector_table at /Users/simeon/esp/esp-idf/components/riscv/vectors_intc.S:54
MHARTID : 0x00000000


--- Backtrace:


add symbol table from file "/Users/simeon/Desktop/Repositories/ml-kem-espidf/build/bootloader/bootloader.elf"
0x4200c3fe in pqcrystals_mlkem512_ref_indcpa_keypair_derand (pk=pk@entry=0x4080e700 "", sk=sk@entry=0x4080e0a0 "", coins=coins@entry=0x4080e050 "") at /Users/simeon/Desktop/Repositories/ml-kem-espidf/main/mlkem-embedded/mlkem/indcpa.c:29
29	                           const uint8_t coins[MLKEM_SYMBYTES]) {
#0  0x4200c3fe in pqcrystals_mlkem512_ref_indcpa_keypair_derand (pk=pk@entry=0x4080e700 "", sk=sk@entry=0x4080e0a0 "", coins=coins@entry=0x4080e050 "") at /Users/simeon/Desktop/Repositories/ml-kem-espidf/main/mlkem-embedded/mlkem/indcpa.c:29
#1  0x4200947c in pqcrystals_mlkem512_ref_keypair_derand (pk=0x4080e700 "", sk=0x4080e0a0 "", coins=0x4080e050 "") at /Users/simeon/Desktop/Repositories/ml-kem-espidf/main/mlkem-embedded/mlkem/kem.c:29
#2  0x00000000 in ?? ()
Backtrace stopped: frame did not save the PC



ELF file SHA256: a3ccce3b7

Rebooting...
ESP-ROM:esp32h2-20221101
Build:Nov  1 2022
rst:0xc (SW_CPU),boot:0xf (SPI_FAST_FLASH_BOOT)
Saved PC:0x400031b6
--- 0x400031b6: software_reset_cpu in ROM
SPIWP:0xee
mode:DIO, clock div:1
load:0x408460f0,len:0x1a5c
load:0x4083c2d0,len:0xfc0
--- 0x4083c2d0: esp_bootloader_get_description at /Users/simeon/esp/esp-idf/components/esp_bootloader_format/esp_bootloader_desc.c:40
load:0x4083efd0,len:0x2ffc
--- 0x4083efd0: esp_flash_encryption_enabled at /Users/simeon/esp/esp-idf/components/bootloader_support/src/flash_encrypt.c:89
entry 0x4083c2dc
--- 0x4083c2dc: call_start_cpu0 at /Users/simeon/esp/esp-idf/components/bootloader/subproject/main/bootloader_start.c:25
I (22) boot: ESP-IDF 3f3f8436be 2nd stage bootloader
I (22) boot: compile time Oct 24 2025 16:24:15
I (24) boot: chip revision: v0.1
I (24) boot: efuse block revision: v0.2
I (25) boot.esp32h2: SPI Speed      : 64MHz
I (25) boot.esp32h2: SPI Mode       : DIO
I (26) boot.esp32h2: SPI Flash Size : 4MB
I (27) boot: Enabling RNG early entropy source...
I (27) boot: Partition Table:
I (28) boot: ## Label            Usage          Type ST Offset   Length
I (29) boot:  0 nvs              WiFi data        01 02 00009000 00006000
I (30) boot:  1 phy_init         RF data          01 01 0000f000 00001000
I (31) boot:  2 factory          factory app      00 00 00010000 00140000
I (32) boot: End of partition table
I (33) esp_image: segment 0: paddr=00010020 vaddr=42020020 size=08c84h ( 35972) map
I (50) esp_image: segment 1: paddr=00018cac vaddr=40800000 size=0736ch ( 29548) load
I (65) esp_image: segment 2: paddr=00020020 vaddr=42000020 size=17d48h ( 97608) map
I (106) esp_image: segment 3: paddr=00037d70 vaddr=4080736c size=049e8h ( 18920) load
I (123) boot: Loaded app from partition at offset 0x10000
I (124) boot: Disabling RNG early entropy source...
I (126) cpu_start: Unicore app
I (134) cpu_start: GPIO 23 and 24 are used as console UART I/O pins
I (135) cpu_start: Pro cpu start user code
I (135) cpu_start: cpu freq: 96000000 Hz
I (136) app_init: Application information:
I (136) app_init: Project name:     esp_ot_cli
I (136) app_init: App version:      67fbc08-dirty
I (137) app_init: Compile time:     Oct 24 2025 16:49:58
I (137) app_init: ELF file SHA256:  a3ccce3b7...
I (138) app_init: ESP-IDF:          3f3f8436be
I (138) efuse_init: Min chip rev:     v0.0
I (138) efuse_init: Max chip rev:     v1.99
I (139) efuse_init: Chip rev:         v0.1
I (139) heap_init: Initializing. RAM available for dynamic allocation:
I (140) heap_init: At 4080CE30 len 00040550 (257 KiB): RAM
I (140) heap_init: At 4084D380 len 00002B60 (10 KiB): RAM
I (141) heap_init: At 50000000 len 00000FE8 (3 KiB): RTCRAM
W (142) spi_flash: Detected GigaDevice flash chip but using generic driver. For optimal functionality, enable `SPI_FLASH_SUPPORT_GD_CHIP` in menuconfig
I (143) spi_flash: detected chip: generic
I (143) spi_flash: flash io: dio
I (144) sleep_gpio: Configure to isolate all GPIO pins in sleep state
I (145) sleep_gpio: Enable automatic switching of GPIO sleep configuration
I (146) main_task: Started on CPU0
I (146) main_task: Calling app_main()
Guru Meditation Error: Core  0 panic'ed (Stack protection fault).

Detected in task "main" at 0x4200c3f6
--- 0x4200c3f6: pqcrystals_mlkem512_ref_indcpa_keypair_derand at /Users/simeon/Desktop/Repositories/ml-kem-espidf/main/mlkem-embedded/mlkem/indcpa.c:29
Stack pointer: 0x4080d9e0
Stack bounds: 0x4080da88 - 0x4080ea80


Core  0 register dump:
--- Stack dump detected
MEPC    : 0x4200c3fe  RA      : 0x4200947c  SP      : 0x4080d9e0  GP      : 0x4080ace4
--- 0x4200c3fe: pqcrystals_mlkem512_ref_indcpa_keypair_derand at /Users/simeon/Desktop/Repositories/ml-kem-espidf/main/mlkem-embedded/mlkem/indcpa.c:29
--- 0x4200947c: pqcrystals_mlkem512_ref_keypair_derand at /Users/simeon/Desktop/Repositories/ml-kem-espidf/main/mlkem-embedded/mlkem/kem.c:30
TP      : 0x4080ea80  T0      : 0x4001117a  T1      : 0x0000001c  T2      : 0x00000000
--- 0x4001117a: __retarget_lock_release_recursive in ROM
S0/FP   : 0x4080e0a0  S1      : 0x4080e700  A0      : 0x4080e700  A1      : 0x4080e0a0
A2      : 0x4080e050  A3      : 0x00000001  A4      : 0x00000000  A5      : 0x00000040
A6      : 0x4080e02c  A7      : 0xebda66bd  S2      : 0x4080e050  S3      : 0x00000000
S4      : 0x00000000  S5      : 0x00000000  S6      : 0x00000000  S7      : 0x00000000
S8      : 0x00000000  S9      : 0x00000000  S10     : 0x00000000  S11     : 0x00000000
T3      : 0x00000000  T4      : 0x00000000  T5      : 0x00000000  T6      : 0x00000000
MSTATUS : 0x00001881  MTVEC   : 0x40802001  MCAUSE  : 0x0000001b  MTVAL   : 0x64912a23
--- 0x40802001: _vector_table at /Users/simeon/esp/esp-idf/components/riscv/vectors_intc.S:54
MHARTID : 0x00000000


--- Backtrace:


add symbol table from file "/Users/simeon/Desktop/Repositories/ml-kem-espidf/build/bootloader/bootloader.elf"
0x4200c3fe in pqcrystals_mlkem512_ref_indcpa_keypair_derand (pk=pk@entry=0x4080e700 "", sk=sk@entry=0x4080e0a0 "", coins=coins@entry=0x4080e050 "") at /Users/simeon/Desktop/Repositories/ml-kem-espidf/main/mlkem-embedded/mlkem/indcpa.c:29
29	                           const uint8_t coins[MLKEM_SYMBYTES]) {
#0  0x4200c3fe in pqcrystals_mlkem512_ref_indcpa_keypair_derand (pk=pk@entry=0x4080e700 "", sk=sk@entry=0x4080e0a0 "", coins=coins@entry=0x4080e050 "") at /Users/simeon/Desktop/Repositories/ml-kem-espidf/main/mlkem-embedded/mlkem/indcpa.c:29
#1  0x4200947c in pqcrystals_mlkem512_ref_keypair_derand (pk=0x4080e700 "", sk=0x4080e0a0 "", coins=0x4080e050 "") at /Users/simeon/Desktop/Repositories/ml-kem-espidf/main/mlkem-embedded/mlkem/kem.c:29
#2  0x00000000 in ?? ()
Backtrace stopped: frame did not save the PC



ELF file SHA256: a3ccce3b7

Rebooting...
ESP-ROM:esp32h2-20221101
Build:Nov  1 2022
rst:0xc (SW_CPU),boot:0xf (SPI_FAST_FLASH_BOOT)
Saved PC:0x400031b6
--- 0x400031b6: software_reset_cpu in ROM
SPIWP:0xee
mode:DIO, clock div:1
load:0x408460f0,len:0x1a5c
load:0x4083c2d0,len:0xfc0
--- 0x4083c2d0: esp_bootloader_get_description at /Users/simeon/esp/esp-idf/components/esp_bootloader_format/esp_bootloader_desc.c:40
load:0x4083efd0,len:0x2ffc
--- 0x4083efd0: esp_flash_encryption_enabled at /Users/simeon/esp/esp-idf/components/bootloader_support/src/flash_encrypt.c:89
entry 0x4083c2dc
--- 0x4083c2dc: call_start_cpu0 at /Users/simeon/esp/esp-idf/components/bootloader/subproject/main/bootloader_start.c:25
I (22) boot: ESP-IDF 3f3f8436be 2nd stage bootloader
I (22) boot: compile time Oct 24 2025 16:24:15
I (24) boot: chip revision: v0.1
I (24) boot: efuse block revision: v0.2
I (25) boot.esp32h2: SPI Speed      : 64MHz
I (25) boot.esp32h2: SPI Mode       : DIO
I (26) boot.esp32h2: SPI Flash Size : 4MB
I (26) boot: Enabling RNG early entropy source...
I (27) boot: Partition Table:
I (28) boot: ## Label            Usage          Type ST Offset   Length
I (29) boot:  0 nvs              WiFi data        01 02 00009000 00006000
I (30) boot:  1 phy_init         RF data          01 01 0000f000 00001000
I (31) boot:  2 factory          factory app      00 00 00010000 00140000
I (32) boot: End of partition table
I (33) esp_image: segment 0: paddr=00010020 vaddr=42020020 size=08c84h ( 35972) map
I (50) esp_image: segment 1: paddr=00018cac vaddr=40800000 size=0736ch ( 29548) load
I (64) esp_image: segment 2: paddr=00020020 vaddr=42000020 size=17d48h ( 97608) map
I (106) esp_image: segment 3: paddr=00037d70 vaddr=4080736c size=049e8h ( 18920) load
I (123) boot: Loaded app from partition at offset 0x10000
I (124) boot: Disabling RNG early entropy source...
I (126) cpu_start: Unicore app
I (134) cpu_start: GPIO 23 and 24 are used as console UART I/O pins
I (135) cpu_start: Pro cpu start user code
I (135) cpu_start: cpu freq: 96000000 Hz
I (135) app_init: Application information:
I (136) app_init: Project name:     esp_ot_cli
I (136) app_init: App version:      67fbc08-dirty
I (136) app_init: Compile time:     Oct 24 2025 16:49:58
I (137) app_init: ELF file SHA256:  a3ccce3b7...
I (137) app_init: ESP-IDF:          3f3f8436be
I (138) efuse_init: Min chip rev:     v0.0
I (138) efuse_init: Max chip rev:     v1.99
I (138) efuse_init: Chip rev:         v0.1
I (139) heap_init: Initializing. RAM available for dynamic allocation:
I (139) heap_init: At 4080CE30 len 00040550 (257 KiB): RAM
I (140) heap_init: At 4084D380 len 00002B60 (10 KiB): RAM
I (140) heap_init: At 50000000 len 00000FE8 (3 KiB): RTCRAM
W (142) spi_flash: Detected GigaDevice flash chip but using generic driver. For optimal functionality, enable `SPI_FLASH_SUPPORT_GD_CHIP` in menuconfig
I (143) spi_flash: detected chip: generic
I (143) spi_flash: flash io: dio
I (144) sleep_gpio: Configure to isolate all GPIO pins in sleep state
I (145) sleep_gpio: Enable automatic switching of GPIO sleep configuration
I (146) main_task: Started on CPU0
I (146) main_task: Calling app_main()
Guru Meditation Error: Core  0 panic'ed (Stack protection fault).

Detected in task "main" at 0x4200c3f6
--- 0x4200c3f6: pqcrystals_mlkem512_ref_indcpa_keypair_derand at /Users/simeon/Desktop/Repositories/ml-kem-espidf/main/mlkem-embedded/mlkem/indcpa.c:29
Stack pointer: 0x4080d9e0
Stack bounds: 0x4080da88 - 0x4080ea80


Core  0 register dump:
MEPC    : 0x4200c3fe  RA      : 0x4200947c  SP      : 0x4080d9e0  GP      : 0x4080ace4
--- Stack dump detected
--- 0x4200c3fe: pqcrystals_mlkem512_ref_indcpa_keypair_derand at /Users/simeon/Desktop/Repositories/ml-kem-espidf/main/mlkem-embedded/mlkem/indcpa.c:29
--- 0x4200947c: pqcrystals_mlkem512_ref_keypair_derand at /Users/simeon/Desktop/Repositories/ml-kem-espidf/main/mlkem-embedded/mlkem/kem.c:30
TP      : 0x4080ea80  T0      : 0x4001117a  T1      : 0x0000001c  T2      : 0x00000000
--- 0x4001117a: __retarget_lock_release_recursive in ROM
S0/FP   : 0x4080e0a0  S1      : 0x4080e700  A0      : 0x4080e700  A1      : 0x4080e0a0
A2      : 0x4080e050  A3      : 0x00000001  A4      : 0x00000000  A5      : 0x00000040
A6      : 0x4080e02c  A7      : 0xebda66bd  S2      : 0x4080e050  S3      : 0x00000000
S4      : 0x00000000  S5      : 0x00000000  S6      : 0x00000000  S7      : 0x00000000
S8      : 0x00000000  S9      : 0x00000000  S10     : 0x00000000  S11     : 0x00000000
T3      : 0x00000000  T4      : 0x00000000  T5      : 0x00000000  T6      : 0x00000000
MSTATUS : 0x00001881  MTVEC   : 0x40802001  MCAUSE  : 0x0000001b  MTVAL   : 0x64912a23
--- 0x40802001: _vector_table at /Users/simeon/esp/esp-idf/components/riscv/vectors_intc.S:54
MHARTID : 0x00000000

--- Error: read failed: [Errno 6] Device not configured
--- Waiting for the device to reconnect
--- Backtrace:


add symbol table from file "/Users/simeon/Desktop/Repositories/ml-kem-espidf/build/bootloader/bootloader.elf"
0x4200c3fe in pqcrystals_mlkem512_ref_indcpa_keypair_derand (pk=pk@entry=0x4080e700 "", sk=sk@entry=0x4080e0a0 "", coins=coins@entry=0x4080e050 "") at /Users/simeon/Desktop/Repositories/ml-kem-espidf/main/mlkem-embedded/mlkem/indcpa.c:29
29	                           const uint8_t coins[MLKEM_SYMBYTES]) {
#0  0x4200c3fe in pqcrystals_mlkem512_ref_indcpa_keypair_derand (pk=pk@entry=0x4080e700 "", sk=sk@entry=0x4080e0a0 "", coins=coins@entry=0x4080e050 "") at /Users/simeon/Desktop/Repositories/ml-kem-espidf/main/mlkem-embedded/mlkem/indcpa.c:29
#1  0x4200947c in pqcrystals_mlkem512_ref_keypair_derand (pk=0x4080e700 "", sk=0x4080e0a0 "", coins=0x4080e050 "") at /Users/simeon/Desktop/Repositories/ml-kem-espidf/main/mlkem-embedded/mlkem/kem.c:29
#2  0x00000000 in ?? ()
Backtrace stopped: frame did not save the PC



ELF file SHA256: a3ccce3b7

Rebooting...
ESP-ROM:esp32h2-20221101
Build:Nov  1 2022
rst:0xc (SW_CPU),boot:0xf (SPI_FAST_FLASH_BOOT)
Saved PC:0x400031b6
--- 0x400031b6: software_reset_cpu in ROM
SPIWP:0xee
mode:DIO, clock div:1
load:0x408460f0,len:0x1a5c
load:0x4083c2d0,len:0xfc0
--- 0x4083c2d0: esp_bootloader_get_description at /Users/simeon/esp/esp-idf/components/esp_bootloader_format/esp_bootloader_desc.c:40
load:0x4083efd0,len:0x2ffc
--- 0x4083efd0: esp_flash_encryption_enabled at /Users/simeon/esp/esp-idf/components/bootloader_support/src/flash_encrypt.c:89
entry 0x4083c2dc
--- 0x4083c2dc: call_start_cpu0 at /Users/simeon/esp/esp-idf/components/bootloader/subproject/main/bootloader_start.c:25
I (22) boot: ESP-IDF 3f3f8436be 2nd stage bootloader
I (22) boot: compile time Oct 24 2025 16:24:15
I (24) boot: chip revision: v0.1
I (24) boot: efuse block revision: v0.2
I (25) boot.esp32h2: SPI Speed      : 64MHz
I (25) boot.esp32h2: SPI Mode       : DIO
I (26) boot.esp32h2: SPI Flash Size : 4MB
I (26) boot: Enabling RNG early entropy source...
I (27) boot: Partition Table:
I (28) boot: ## Label            Usage          Type ST Offset   Length
I (29) boot:  0 nvs              WiFi data        01 02 00009000 00006000
I (30) boot:  1 phy_init         RF data          01 01 0000f000 00001000
I (31) boot:  2 factory          factory app      00 00 00010000 00140000
I (32) boot: End of partition table
I (33) esp_image: segment 0: paddr=00010020 vaddr=42020020 size=08c84h ( 35972) map
I (50) esp_image: segment 1: paddr=00018cac vaddr=40800000 size=0736ch ( 29548) load
I (64) esp_image: segment 2: paddr=00020020 vaddr=42000020 size=17d48h ( 97608) map
I (106) esp_image: segment 3: paddr=00037d70 vaddr=4080736c size=049e8h ( 18920) load
I (123) boot: Loaded app from partition at offset 0x10000
I (124) boot: Disabling RNG early entropy source...
I (126) cpu_start: Unicore app
I (134) cpu_start: GPIO 23 and 24 are used as console UART I/O pins
I (135) cpu_start: Pro cpu start user code
I (135) cpu_start: cpu freq: 96000000 Hz
I (136) app_init: Application information:
I (136) app_init: Project name:     esp_ot_cli
I (136) app_init: App version:      67fbc08-dirty
I (137) app_init: Compile time:     Oct 24 2025 16:49:58
I (137) app_init: ELF file SHA256:  a3ccce3b7...
I (137) app_init: ESP-IDF:          3f3f8436be
I (138) efuse_init: Min chip rev:     v0.0
I (138) efuse_init: Max chip rev:     v1.99
I (138) efuse_init: Chip rev:         v0.1
I (139) heap_init: Initializing. RAM available for dynamic allocation:
I (139) heap_init: At 4080CE30 len 00040550 (257 KiB): RAM
I (140) heap_init: At 4084D380 len 00002B60 (10 KiB): RAM
I (140) heap_init: At 50000000 len 00000FE8 (3 KiB): RTCRAM
W (142) spi_flash: Detected GigaDevice flash chip but using generic driver. For optimal functionality, enable `SPI_FLASH_SUPPORT_GD_CHIP` in menuconfig
I (143) spi_flash: detected chip: generic
I (143) spi_flash: flash io: dio
I (144) sleep_gpio: Configure to isolate all GPIO pins in sleep state
I (145) sleep_gpio: Enable automatic switching of GPIO sleep configuration
I (146) main_task: Started on CPU0
I (146) main_task: Calling app_main()
Guru Meditation Error: Core  0 panic'ed (Stack protection fault).

Detected in task "main" at 0x4200c3f6
--- 0x4200c3f6: pqcrystals_mlkem512_ref_indcpa_keypair_derand at /Users/simeon/Desktop/Repositories/ml-kem-espidf/main/mlkem-embedded/mlkem/indcpa.c:29
Stack pointer: 0x4080d9e0
Stack bounds: 0x4080da88 - 0x4080ea80


Core  0 register dump:
MEPC    : 0x4200c3fe  RA      : 0x4200947c  SP      : 0x4080d9e0  GP      : 0x4080ace4
--- Stack dump detected
--- 0x4200c3fe: pqcrystals_mlkem512_ref_indcpa_keypair_derand at /Users/simeon/Desktop/Repositories/ml-kem-espidf/main/mlkem-embedded/mlkem/indcpa.c:29
--- 0x4200947c: pqcrystals_mlkem512_ref_keypair_derand at /Users/simeon/Desktop/Repositories/ml-kem-espidf/main/mlkem-embedded/mlkem/kem.c:30
TP      : 0x4080ea80  T0      : 0x4001117a  T1      : 0x0000001c  T2      : 0x00000000
--- 0x4001117a: __retarget_lock_release_recursive in ROM
S0/FP   : 0x4080e0a0  S1      : 0x4080e700  A0      : 0x4080e700  A1      : 0x4080e0a0
A2      : 0x4080e050  A3      : 0x00000001  A4      : 0x00000000  A5      : 0x00000040
A6      : 0x4080e02c  A7      : 0xebda66bd  S2      : 0x4080e050  S3      : 0x00000000
S4      : 0x00000000  S5      : 0x00000000  S6      : 0x00000000  S7      : 0x00000000
S8      : 0x00000000  S9      : 0x00000000  S10     : 0x00000000  S11     : 0x00000000
T3      : 0x00000000  T4      : 0x00000000  T5      : 0x00000000  T6      : 0x00000000
MSTATUS : 0x00001881  MTVEC   : 0x40802001  MCAUSE  : 0x0000001b  MTVAL   : 0x64912a23
--- 0x40802001: _vector_table at /Users/simeon/esp/esp-idf/components/riscv/vectors_intc.S:54
MHARTID : 0x00000000

..
--- Backtrace:


add symbol table from file "/Users/simeon/Desktop/Repositories/ml-kem-espidf/build/bootloader/bootloader.elf"
0x4200c3fe in pqcrystals_mlkem512_ref_indcpa_keypair_derand (pk=pk@entry=0x4080e700 "", sk=sk@entry=0x4080e0a0 "", coins=coins@entry=0x4080e050 "") at /Users/simeon/Desktop/Repositories/ml-kem-espidf/main/mlkem-embedded/mlkem/indcpa.c:29
29	                           const uint8_t coins[MLKEM_SYMBYTES]) {
#0  0x4200c3fe in pqcrystals_mlkem512_ref_indcpa_keypair_derand (pk=pk@entry=0x4080e700 "", sk=sk@entry=0x4080e0a0 "", coins=coins@entry=0x4080e050 "") at /Users/simeon/Desktop/Repositories/ml-kem-espidf/main/mlkem-embedded/mlkem/indcpa.c:29
#1  0x4200947c in pqcrystals_mlkem512_ref_keypair_derand (pk=0x4080e700 "", sk=0x4080e0a0 "", coins=0x4080e050 "") at /Users/simeon/Desktop/Repositories/ml-kem-espidf/main/mlkem-embedded/mlkem/kem.c:29
#2  0x00000000 in ?? ()
Backtrace stopped: frame did not save the PC



ELF file SHA256: a3ccce3b7

Rebooting...
ESP-ROM:esp32h2-20221101
Build:Nov  1 2022
rst:0xc (SW_CPU),boot:0xf (SPI_FAST_FLASH_BOOT)
Saved PC:0x400031b6
--- 0x400031b6: software_reset_cpu in ROM
SPIWP:0xee
mode:DIO, clock div:1
load:0x408460f0,len:0x1a5c
load:0x4083c2d0,len:0xfc0
--- 0x4083c2d0: esp_bootloader_get_description at /Users/simeon/esp/esp-idf/components/esp_bootloader_format/esp_bootloader_desc.c:40
load:0x4083efd0,len:0x2ffc
--- 0x4083efd0: esp_flash_encryption_enabled at /Users/simeon/esp/esp-idf/components/bootloader_support/src/flash_encrypt.c:89
entry 0x4083c2dc
--- 0x4083c2dc: call_start_cpu0 at /Users/simeon/esp/esp-idf/components/bootloader/subproject/main/bootloader_start.c:25
I (22) boot: ESP-IDF 3f3f8436be 2nd stage bootloader
I (22) boot: compile time Oct 24 2025 16:24:15
I (24) boot: chip revision: v0.1
I (24) boot: efuse block revision: v0.2
I (25) boot.esp32h2: SPI Speed      : 64MHz
I (25) boot.esp32h2: SPI Mode       : DIO
I (26) boot.esp32h2: SPI Flash Size : 4MB
I (27) boot: Enabling RNG early entropy source...
I (27) boot: Partition Table:
I (28) boot: ## Label            Usage          Type ST Offset   Length
I (29) boot:  0 nvs              WiFi data        01 02 00009000 00006000
I (30) boot:  1 phy_init         RF data          01 01 0000f000 00001000
I (31) boot:  2 factory          factory app      00 00 00010000 00140000
I (32) boot: End of partition table
I (33) esp_image: segment 0: paddr=00010020 vaddr=42020020 size=08c84h ( 35972) map
I (50) esp_image: segment 1: paddr=00018cac vaddr=40800000 size=0736ch ( 29548) load
I (65) esp_image: segment 2: paddr=00020020 vaddr=42000020 size=17d48h ( 97608) map
I (106) esp_image: segment 3: paddr=00037d70 vaddr=4080736c size=049e8h ( 18920) load
I (123) boot: Loaded app from partition at offset 0x10000
I (124) boot: Disabling RNG early entropy source...
I (126) cpu_start: Unicore app
I (135) cpu_start: GPIO 23 and 24 are used as console UART I/O pins
I (135) cpu_start: Pro cpu start user code
I (135) cpu_start: cpu freq: 96000000 Hz
I (136) app_init: Application information:
I (136) app_init: Project name:     esp_ot_cli
I (136) app_init: App version:      67fbc08-dirty
I (137) app_init: Compile time:     Oct 24 2025 16:49:58
I (137) app_init: ELF file SHA256:  a3ccce3b7...
I (138) app_init: ESP-IDF:          3f3f8436be
I (138) efuse_init: Min chip rev:     v0.0
I (138) efuse_init: Max chip rev:     v1.99
I (139) efuse_init: Chip rev:         v0.1
I (139) heap_init: Initializing. RAM available for dynamic allocation:
I (140) heap_init: At 4080CE30 len 00040550 (257 KiB): RAM
I (140) heap_init: At 4084D380 len 00002B60 (10 KiB): RAM
I (141) heap_init: At 50000000 len 00000FE8 (3 KiB): RTCRAM
W (142) spi_flash: Detected GigaDevice flash chip but using generic driver. For optimal functionality, enable `SPI_FLASH_SUPPORT_GD_CHIP` in menuconfig
I (143) spi_flash: detected chip: generic
I (144) spi_flash: flash io: dio
I (144) sleep_gpio: Configure to isolate all GPIO pins in sleep state
I (145) sleep_gpio: Enable automatic switching of GPIO sleep configuration
I (146) main_task: Started on CPU0
I (146) main_task: Calling app_main()
Guru Meditation Error: Core  0 panic'ed (Stack protection fault).

Detected in task "main" at 0x4200c3f6
--- 0x4200c3f6: pqcrystals_mlkem512_ref_indcpa_keypair_derand at /Users/simeon/Desktop/Repositories/ml-kem-espidf/main/mlkem-embedded/mlkem/indcpa.c:29
Stack pointer: 0x4080d9e0
Stack bounds: 0x4080da88 - 0x4080ea80


Core  0 register dump:
MEPC    : 0x4200c3fe  RA      : 0x4200947c  SP      : 0x4080d9e0  GP      : 0x4080ace4
--- Stack dump detected
--- 0x4200c3fe: pqcrystals_mlkem512_ref_indcpa_keypair_derand at /Users/simeon/Desktop/Repositories/ml-kem-espidf/main/mlkem-embedded/mlkem/indcpa.c:29
--- 0x4200947c: pqcrystals_mlkem512_ref_keypair_derand at /Users/simeon/Desktop/Repositories/ml-kem-espidf/main/mlkem-embedded/mlkem/kem.c:30
TP      : 0x4080ea80  T0      : 0x4001117a  T1      : 0x0000001c  T2      : 0x00000000
--- 0x4001117a: __retarget_lock_release_recursive in ROM
S0/FP   : 0x4080e0a0  S1      : 0x4080e700  A0      : 0x4080e700  A1      : 0x4080e0a0
A2      : 0x4080e050  A3      : 0x00000001  A4      : 0x00000000  A5      : 0x00000040
A6      : 0x4080e02c  A7      : 0xebda66bd  S2      : 0x4080e050  S3      : 0x00000000
S4      : 0x00000000  S5      : 0x00000000  S6      : 0x00000000  S7      : 0x00000000
S8      : 0x00000000  S9      : 0x00000000  S10     : 0x00000000  S11     : 0x00000000
T3      : 0x00000000  T4      : 0x00000000  T5      : 0x00000000  T6      : 0x00000000
MSTATUS : 0x00001881  MTVEC   : 0x40802001  MCAUSE  : 0x0000001b  MTVAL   : 0x64912a23
--- 0x40802001: _vector_table at /Users/simeon/esp/esp-idf/components/riscv/vectors_intc.S:54
MHARTID : 0x00000000

.
--- Backtrace:


add symbol table from file "/Users/simeon/Desktop/Repositories/ml-kem-espidf/build/bootloader/bootloader.elf"
0x4200c3fe in pqcrystals_mlkem512_ref_indcpa_keypair_derand (pk=pk@entry=0x4080e700 "", sk=sk@entry=0x4080e0a0 "", coins=coins@entry=0x4080e050 "") at /Users/simeon/Desktop/Repositories/ml-kem-espidf/main/mlkem-embedded/mlkem/indcpa.c:29
29	                           const uint8_t coins[MLKEM_SYMBYTES]) {
#0  0x4200c3fe in pqcrystals_mlkem512_ref_indcpa_keypair_derand (pk=pk@entry=0x4080e700 "", sk=sk@entry=0x4080e0a0 "", coins=coins@entry=0x4080e050 "") at /Users/simeon/Desktop/Repositories/ml-kem-espidf/main/mlkem-embedded/mlkem/indcpa.c:29
#1  0x4200947c in pqcrystals_mlkem512_ref_keypair_derand (pk=0x4080e700 "", sk=0x4080e0a0 "", coins=0x4080e050 "") at /Users/simeon/Desktop/Repositories/ml-kem-espidf/main/mlkem-embedded/mlkem/kem.c:29
#2  0x00000000 in ?? ()
Backtrace stopped: frame did not save the PC



ELF file SHA256: a3ccce3b7

Rebooting...
ESP-ROM:esp32h2-20221101
Build:Nov  1 2022
rst:0xc (SW_CPU),boot:0xf (SPI_FAST_FLASH_BOOT)
Saved PC:0x400031b6
--- 0x400031b6: software_reset_cpu in ROM
SPIWP:0xee
mode:DIO, clock div:1
load:0x408460f0,len:0x1a5c
load:0x4083c2d0,len:0xfc0
--- 0x4083c2d0: esp_bootloader_get_description at /Users/simeon/esp/esp-idf/components/esp_bootloader_format/esp_bootloader_desc.c:40
load:0x4083efd0,len:0x2ffc
--- 0x4083efd0: esp_flash_encryption_enabled at /Users/simeon/esp/esp-idf/components/bootloader_support/src/flash_encrypt.c:89
entry 0x4083c2dc
--- 0x4083c2dc: call_start_cpu0 at /Users/simeon/esp/esp-idf/components/bootloader/subproject/main/bootloader_start.c:25
I (22) boot: ESP-IDF 3f3f8436be 2nd stage bootloader
I (22) boot: compile time Oct 24 2025 16:24:15
I (24) boot: chip revision: v0.1
I (24) boot: efuse block revision: v0.2
I (25) boot.esp32h2: SPI Speed      : 64MHz
I (25) boot.esp32h2: SPI Mode       : DIO
I (26) boot.esp32h2: SPI Flash Size : 4MB
I (26) boot: Enabling RNG early entropy source...
I (27) boot: Partition Table:
I (28) boot: ## Label            Usage          Type ST Offset   Length
I (29) boot:  0 nvs              WiFi data        01 02 00009000 00006000
I (30) boot:  1 phy_init         RF data          01 01 0000f000 00001000
I (31) boot:  2 factory          factory app      00 00 00010000 00140000
I (32) boot: End of partition table
I (33) esp_image: segment 0: paddr=00010020 vaddr=42020020 size=08c84h ( 35972) map
I (50) esp_image: segment 1: paddr=00018cac vaddr=40800000 size=0736ch ( 29548) load
I (64) esp_image: segment 2: paddr=00020020 vaddr=42000020 size=17d48h ( 97608) map
I (106) esp_image: segment 3: paddr=00037d70 vaddr=4080736c size=049e8h ( 18920) load
I (123) boot: Loaded app from partition at offset 0x10000
I (124) boot: Disabling RNG early entropy source...
I (126) cpu_start: Unicore app
I (134) cpu_start: GPIO 23 and 24 are used as console UART I/O pins
I (135) cpu_start: Pro cpu start user code
I (135) cpu_start: cpu freq: 96000000 Hz
I (136) app_init: Application information:
I (136) app_init: Project name:     esp_ot_cli
I (136) app_init: App version:      67fbc08-dirty
I (137) app_init: Compile time:     Oct 24 2025 16:49:58
I (137) app_init: ELF file SHA256:  a3ccce3b7...
I (137) app_init: ESP-IDF:          3f3f8436be
I (138) efuse_init: Min chip rev:     v0.0
I (138) efuse_init: Max chip rev:     v1.99
I (138) efuse_init: Chip rev:         v0.1
I (139) heap_init: Initializing. RAM available for dynamic allocation:
I (139) heap_init: At 4080CE30 len 00040550 (257 KiB): RAM
I (140) heap_init: At 4084D380 len 00002B60 (10 KiB): RAM
I (140) heap_init: At 50000000 len 00000FE8 (3 KiB): RTCRAM
W (142) spi_flash: Detected GigaDevice flash chip but using generic driver. For optimal functionality, enable `SPI_FLASH_SUPPORT_GD_CHIP` in menuconfig
I (143) spi_flash: detected chip: generic
I (143) spi_flash: flash io: dio
I (144) sleep_gpio: Configure to isolate all GPIO pins in sleep state
I (145) sleep_gpio: Enable automatic switching of GPIO sleep configuration
I (146) main_task: Started on CPU0
I (146) main_task: Calling app_main()
Guru Meditation Error: Core  0 panic'ed (Stack protection fault).

Detected in task "main" at 0x4200c3f6
.--- 0x4200c3f6: pqcrystals_mlkem512_ref_indcpa_keypair_derand at /Users/simeon/Desktop/Repositories/ml-kem-espidf/main/mlkem-embedded/mlkem/indcpa.c:29
Stack pointer: 0x4080d9e0
Stack bounds: 0x4080da88 - 0x4080ea80


Core  0 register dump:
--- Stack dump detected
MEPC    : 0x4200c3fe  RA      : 0x4200947c  SP      : 0x4080d9e0  GP      : 0x4080ace4
--- 0x4200c3fe: pqcrystals_mlkem512_ref_indcpa_keypair_derand at /Users/simeon/Desktop/Repositories/ml-kem-espidf/main/mlkem-embedded/mlkem/indcpa.c:29
--- 0x4200947c: pqcrystals_mlkem512_ref_keypair_derand at /Users/simeon/Desktop/Repositories/ml-kem-espidf/main/mlkem-embedded/mlkem/kem.c:30
TP      : 0x4080ea80  T0      : 0x4001117a  T1      : 0x0000001c  T2      : 0x00000000
--- 0x4001117a: __retarget_lock_release_recursive in ROM
S0/FP   : 0x4080e0a0  S1      : 0x4080e700  A0      : 0x4080e700  A1      : 0x4080e0a0
A2      : 0x4080e050  A3      : 0x00000001  A4      : 0x00000000  A5      : 0x00000040
A6      : 0x4080e02c  A7      : 0xebda66bd  S2      : 0x4080e050  S3      : 0x00000000
S4      : 0x00000000  S5      : 0x00000000  S6      : 0x00000000  S7      : 0x00000000
S8      : 0x00000000  S9      : 0x00000000  S10     : 0x00000000  S11     : 0x00000000
T3      : 0x00000000  T4      : 0x00000000  T5      : 0x00000000  T6      : 0x00000000
MSTATUS : 0x00001881  MTVEC   : 0x40802001  MCAUSE  : 0x0000001b  MTVAL   : 0x64912a23
--- 0x40802001: _vector_table at /Users/simeon/esp/esp-idf/components/riscv/vectors_intc.S:54
MHARTID : 0x00000000

.
--- Backtrace:


add symbol table from file "/Users/simeon/Desktop/Repositories/ml-kem-espidf/build/bootloader/bootloader.elf"
0x4200c3fe in pqcrystals_mlkem512_ref_indcpa_keypair_derand (pk=pk@entry=0x4080e700 "", sk=sk@entry=0x4080e0a0 "", coins=coins@entry=0x4080e050 "") at /Users/simeon/Desktop/Repositories/ml-kem-espidf/main/mlkem-embedded/mlkem/indcpa.c:29
29	                           const uint8_t coins[MLKEM_SYMBYTES]) {
#0  0x4200c3fe in pqcrystals_mlkem512_ref_indcpa_keypair_derand (pk=pk@entry=0x4080e700 "", sk=sk@entry=0x4080e0a0 "", coins=coins@entry=0x4080e050 "") at /Users/simeon/Desktop/Repositories/ml-kem-espidf/main/mlkem-embedded/mlkem/indcpa.c:29
#1  0x4200947c in pqcrystals_mlkem512_ref_keypair_derand (pk=0x4080e700 "", sk=0x4080e0a0 "", coins=0x4080e050 "") at /Users/simeon/Desktop/Repositories/ml-kem-espidf/main/mlkem-embedded/mlkem/kem.c:29
#2  0x00000000 in ?? ()
Backtrace stopped: frame did not save the PC



ELF file SHA256: a3ccce3b7

Rebooting...
ESP-ROM:esp32h2-20221101
Build:Nov  1 2022
rst:0xc (SW_CPU),boot:0xf (SPI_FAST_FLASH_BOOT)
Saved PC:0x400031b6
--- 0x400031b6: software_reset_cpu in ROM
SPIWP:0xee
mode:DIO, clock div:1
load:0x408460f0,len:0x1a5c
load:0x4083c2d0,len:0xfc0
--- 0x4083c2d0: esp_bootloader_get_description at /Users/simeon/esp/esp-idf/components/esp_bootloader_format/esp_bootloader_desc.c:40
load:0x4083efd0,len:0x2ffc
--- 0x4083efd0: esp_flash_encryption_enabled at /Users/simeon/esp/esp-idf/components/bootloader_support/src/flash_encrypt.c:89
entry 0x4083c2dc
--- 0x4083c2dc: call_start_cpu0 at /Users/simeon/esp/esp-idf/components/bootloader/subproject/main/bootloader_start.c:25
I (22) boot: ESP-IDF 3f3f8436be 2nd stage bootloader
I (22) boot: compile time Oct 24 2025 16:24:15
I (24) boot: chip revision: v0.1
I (24) boot: efuse block revision: v0.2
I (25) boot.esp32h2: SPI Speed      : 64MHz
I (25) boot.esp32h2: SPI Mode       : DIO
I (26) boot.esp32h2: SPI Flash Size : 4MB
I (26) boot: Enabling RNG early entropy source...
I (27) boot: Partition Table:
I (28) boot: ## Label            Usage          Type ST Offset   Length
I (29) boot:  0 nvs              WiFi data        01 02 00009000 00006000
I (30) boot:  1 phy_init         RF data          01 01 0000f000 00001000
I (31) boot:  2 factory          factory app      00 00 00010000 00140000
I (32) boot: End of partition table
I (33) esp_image: segment 0: paddr=00010020 vaddr=42020020 size=08c84h ( 35972) map
I (50) esp_image: segment 1: paddr=00018cac vaddr=40800000 size=0736ch ( 29548) load
I (64) esp_image: segment 2: paddr=00020020 vaddr=42000020 size=17d48h ( 97608) map
I (106) esp_image: segment 3: paddr=00037d70 vaddr=4080736c size=049e8h ( 18920) load
I (123) boot: Loaded app from partition at offset 0x10000
I (124) boot: Disabling RNG early entropy source...
I (126) cpu_start: Unicore app
I (134) cpu_start: GPIO 23 and 24 are used as console UART I/O pins
I (135) cpu_start: Pro cpu start user code
I (135) cpu_start: cpu freq: 96000000 Hz
I (135) app_init: Application information:
I (136) app_init: Project name:     esp_ot_cli
I (136) app_init: App version:      67fbc08-dirty
I (136) app_init: Compile time:     Oct 24 2025 16:49:58
I (137) app_init: ELF file SHA256:  a3ccce3b7...
I (137) app_init: ESP-IDF:          3f3f8436be
I (138) efuse_init: Min chip rev:     v0.0
I (138) efuse_init: Max chip rev:     v1.99
I (138) efuse_init: Chip rev:         v0.1
I (139) heap_init: Initializing. RAM available for dynamic allocation:
I (139) heap_init: At 4080CE30 len 00040550 (257 KiB): RAM
I (140) heap_init: At 4084D380 len 00002B60 (10 KiB): RAM
I (140) heap_init: At 50000000 len 00000FE8 (3 KiB): RTCRAM
W (142) spi_flash: Detected GigaDevice flash chip but using generic driver. For optimal functionality, enable `SPI_FLASH_SUPPORT_GD_CHIP` in menuconfig
I (143) spi_flash: detected chip: generic
I (143) spi_flash: flash io: dio
I (144) sleep_gpio: Configure to isolate all GPIO pins in sleep state
I (144) sleep_gpio: Enable automatic switching of GPIO sleep configuration
I (146) main_task: Started on CPU0
I (146) main_task: Calling app_main()
Guru Meditation Error: Core  0 panic'ed (Stack protection fault).

Detected in task "main" at 0x4200c3f6
--- 0x4200c3f6: pqcrystals_mlkem512_ref_indcpa_keypair_derand at /Users/simeon/Desktop/Repositories/ml-kem-espidf/main/mlkem-embedded/mlkem/indcpa.c:29
Stack pointer: 0x4080d9e0
Stack bounds: 0x4080da88 - 0x4080ea80


Core  0 register dump:
--- Stack dump detected
MEPC    : 0x4200c3fe  RA      : 0x4200947c  SP      : 0x4080d9e0  GP      : 0x4080ace4
--- 0x4200c3fe: pqcrystals_mlkem512_ref_indcpa_keypair_derand at /Users/simeon/Desktop/Repositories/ml-kem-espidf/main/mlkem-embedded/mlkem/indcpa.c:29
--- 0x4200947c: pqcrystals_mlkem512_ref_keypair_derand at /Users/simeon/Desktop/Repositories/ml-kem-espidf/main/mlkem-embedded/mlkem/kem.c:30
TP      : 0x4080ea80  T0      : 0x4001117a  T1      : 0x0000001c  T2      : 0x00000000
--- 0x4001117a: __retarget_lock_release_recursive in ROM
S0/FP   : 0x4080e0a0  S1      : 0x4080e700  A0      : 0x4080e700  A1      : 0x4080e0a0
A2      : 0x4080e050  A3      : 0x00000001  A4      : 0x00000000  A5      : 0x00000040
A6      : 0x4080e02c  A7      : 0xebda66bd  S2      : 0x4080e050  S3      : 0x00000000
S4      : 0x00000000  S5      : 0x00000000  S6      : 0x00000000  S7      : 0x00000000
S8      : 0x00000000  S9      : 0x00000000  S10     : 0x00000000  S11     : 0x00000000
T3      : 0x00000000  T4      : 0x00000000  T5      : 0x00000000  T6      : 0x00000000
MSTATUS : 0x00001881  MTVEC   : 0x40802001  MCAUSE  : 0x0000001b  MTVAL   : 0x64912a23
--- 0x40802001: _vector_table at /Users/simeon/esp/esp-idf/components/riscv/vectors_intc.S:54
MHARTID : 0x00000000

..
--- Backtrace:


add symbol table from file "/Users/simeon/Desktop/Repositories/ml-kem-espidf/build/bootloader/bootloader.elf"
0x4200c3fe in pqcrystals_mlkem512_ref_indcpa_keypair_derand (pk=pk@entry=0x4080e700 "", sk=sk@entry=0x4080e0a0 "", coins=coins@entry=0x4080e050 "") at /Users/simeon/Desktop/Repositories/ml-kem-espidf/main/mlkem-embedded/mlkem/indcpa.c:29
29	                           const uint8_t coins[MLKEM_SYMBYTES]) {
#0  0x4200c3fe in pqcrystals_mlkem512_ref_indcpa_keypair_derand (pk=pk@entry=0x4080e700 "", sk=sk@entry=0x4080e0a0 "", coins=coins@entry=0x4080e050 "") at /Users/simeon/Desktop/Repositories/ml-kem-espidf/main/mlkem-embedded/mlkem/indcpa.c:29
#1  0x4200947c in pqcrystals_mlkem512_ref_keypair_derand (pk=0x4080e700 "", sk=0x4080e0a0 "", coins=0x4080e050 "") at /Users/simeon/Desktop/Repositories/ml-kem-espidf/main/mlkem-embedded/mlkem/kem.c:29
#2  0x00000000 in ?? ()
Backtrace stopped: frame did not save the PC



ELF file SHA256: a3ccce3b7

Rebooting...
ESP-ROM:esp32h2-20221101
Build:Nov  1 2022
rst:0xc (SW_CPU),boot:0xf (SPI_FAST_FLASH_BOOT)
Saved PC:0x400031b6
--- 0x400031b6: software_reset_cpu in ROM
SPIWP:0xee
mode:DIO, clock div:1
load:0x408460f0,len:0x1a5c
load:0x4083c2d0,len:0xfc0
--- 0x4083c2d0: esp_bootloader_get_description at /Users/simeon/esp/esp-idf/components/esp_bootloader_format/esp_bootloader_desc.c:40
load:0x4083efd0,len:0x2ffc
--- 0x4083efd0: esp_flash_encryption_enabled at /Users/simeon/esp/esp-idf/components/bootloader_support/src/flash_encrypt.c:89
entry 0x4083c2dc
--- 0x4083c2dc: call_start_cpu0 at /Users/simeon/esp/esp-idf/components/bootloader/subproject/main/bootloader_start.c:25
I (22) boot: ESP-IDF 3f3f8436be 2nd stage bootloader
I (22) boot: compile time Oct 24 2025 16:24:15
I (24) boot: chip revision: v0.1
I (24) boot: efuse block revision: v0.2
I (25) boot.esp32h2: SPI Speed      : 64MHz
I (25) boot.esp32h2: SPI Mode       : DIO
I (26) boot.esp32h2: SPI Flash Size : 4MB
I (27) boot: Enabling RNG early entropy source...
I (27) boot: Partition Table:
I (28) boot: ## Label            Usage          Type ST Offset   Length
I (29) boot:  0 nvs              WiFi data        01 02 00009000 00006000
I (30) boot:  1 phy_init         RF data          01 01 0000f000 00001000
I (31) boot:  2 factory          factory app      00 00 00010000 00140000
I (32) boot: End of partition table
I (33) esp_image: segment 0: paddr=00010020 vaddr=42020020 size=08c84h ( 35972) map
I (50) esp_image: segment 1: paddr=00018cac vaddr=40800000 size=0736ch ( 29548) load
I (65) esp_image: segment 2: paddr=00020020 vaddr=42000020 size=17d48h ( 97608) map
I (107) esp_image: segment 3: paddr=00037d70 vaddr=4080736c size=049e8h ( 18920) load
I (123) boot: Loaded app from partition at offset 0x10000
I (124) boot: Disabling RNG early entropy source...
I (126) cpu_start: Unicore app
I (135) cpu_start: GPIO 23 and 24 are used as console UART I/O pins
I (135) cpu_start: Pro cpu start user code
I (135) cpu_start: cpu freq: 96000000 Hz
I (136) app_init: Application information:
I (136) app_init: Project name:     esp_ot_cli
I (136) app_init: App version:      67fbc08-dirty
I (137) app_init: Compile time:     Oct 24 2025 16:49:58
I (137) app_init: ELF file SHA256:  a3ccce3b7...
I (138) app_init: ESP-IDF:          3f3f8436be
I (138) efuse_init: Min chip rev:     v0.0
I (138) efuse_init: Max chip rev:     v1.99
I (139) efuse_init: Chip rev:         v0.1
I (139) heap_init: Initializing. RAM available for dynamic allocation:
I (140) heap_init: At 4080CE30 len 00040550 (257 KiB): RAM
I (140) heap_init: At 4084D380 len 00002B60 (10 KiB): RAM
I (141) heap_init: At 50000000 len 00000FE8 (3 KiB): RTCRAM
W (142) spi_flash: Detected GigaDevice flash chip but using generic driver. For optimal functionality, enable `SPI_FLASH_SUPPORT_GD_CHIP` in menuconfig
I (143) spi_flash: detected chip: generic
I (143) spi_flash: flash io: dio
I (144) sleep_gpio: Configure to isolate all GPIO pins in sleep state
I (145) sleep_gpio: Enable automatic switching of GPIO sleep configuration
I (146) main_task: Started on CPU0
I (146) main_task: Calling app_main()
Guru Meditation Error: Core  0 panic'ed (Stack protection fault).

Detected in task "main" at 0x4200c3f6
--- 0x4200c3f6: pqcrystals_mlkem512_ref_indcpa_keypair_derand at /Users/simeon/Desktop/Repositories/ml-kem-espidf/main/mlkem-embedded/mlkem/indcpa.c:29
Stack pointer: 0x4080d9e0
Stack bounds: 0x4080da88 - 0x4080ea80


Core  0 register dump:
MEPC    : 0x4200c3fe  RA      : 0x4200947c  SP      : 0x4080d9e0  GP      : 0x4080ace4
--- Stack dump detected
--- 0x4200c3fe: pqcrystals_mlkem512_ref_indcpa_keypair_derand at /Users/simeon/Desktop/Repositories/ml-kem-espidf/main/mlkem-embedded/mlkem/indcpa.c:29
--- 0x4200947c: pqcrystals_mlkem512_ref_keypair_derand at /Users/simeon/Desktop/Repositories/ml-kem-espidf/main/mlkem-embedded/mlkem/kem.c:30
TP      : 0x4080ea80  T0      : 0x4001117a  T1      : 0x0000001c  T2      : 0x00000000
--- 0x4001117a: __retarget_lock_release_recursive in ROM
S0/FP   : 0x4080e0a0  S1      : 0x4080e700  A0      : 0x4080e700  A1      : 0x4080e0a0
A2      : 0x4080e050  A3      : 0x00000001  A4      : 0x00000000  A5      : 0x00000040
A6      : 0x4080e02c  A7      : 0xebda66bd  S2      : 0x4080e050  S3      : 0x00000000
S4      : 0x00000000  S5      : 0x00000000  S6      : 0x00000000  S7      : 0x00000000
S8      : 0x00000000  S9      : 0x00000000  S10     : 0x00000000  S11     : 0x00000000
T3      : 0x00000000  T4      : 0x00000000  T5      : 0x00000000  T6      : 0x00000000
MSTATUS : 0x00001881  MTVEC   : 0x40802001  MCAUSE  : 0x0000001b  MTVAL   : 0x64912a23
--- 0x40802001: _vector_table at /Users/simeon/esp/esp-idf/components/riscv/vectors_intc.S:54
MHARTID : 0x00000000

..
--- Backtrace:


add symbol table from file "/Users/simeon/Desktop/Repositories/ml-kem-espidf/build/bootloader/bootloader.elf"
0x4200c3fe in pqcrystals_mlkem512_ref_indcpa_keypair_derand (pk=pk@entry=0x4080e700 "", sk=sk@entry=0x4080e0a0 "", coins=coins@entry=0x4080e050 "") at /Users/simeon/Desktop/Repositories/ml-kem-espidf/main/mlkem-embedded/mlkem/indcpa.c:29
29	                           const uint8_t coins[MLKEM_SYMBYTES]) {
#0  0x4200c3fe in pqcrystals_mlkem512_ref_indcpa_keypair_derand (pk=pk@entry=0x4080e700 "", sk=sk@entry=0x4080e0a0 "", coins=coins@entry=0x4080e050 "") at /Users/simeon/Desktop/Repositories/ml-kem-espidf/main/mlkem-embedded/mlkem/indcpa.c:29
#1  0x4200947c in pqcrystals_mlkem512_ref_keypair_derand (pk=0x4080e700 "", sk=0x4080e0a0 "", coins=0x4080e050 "") at /Users/simeon/Desktop/Repositories/ml-kem-espidf/main/mlkem-embedded/mlkem/kem.c:29
#2  0x00000000 in ?? ()
Backtrace stopped: frame did not save the PC



ELF file SHA256: a3ccce3b7

Rebooting...
ESP-ROM:esp32h2-20221101
Build:Nov  1 2022
rst:0xc (SW_CPU),boot:0xf (SPI_FAST_FLASH_BOOT)
Saved PC:0x400031b6
--- 0x400031b6: software_reset_cpu in ROM
SPIWP:0xee
mode:DIO, clock div:1
load:0x408460f0,len:0x1a5c
load:0x4083c2d0,len:0xfc0
--- 0x4083c2d0: esp_bootloader_get_description at /Users/simeon/esp/esp-idf/components/esp_bootloader_format/esp_bootloader_desc.c:40
load:0x4083efd0,len:0x2ffc
--- 0x4083efd0: esp_flash_encryption_enabled at /Users/simeon/esp/esp-idf/components/bootloader_support/src/flash_encrypt.c:89
entry 0x4083c2dc
--- 0x4083c2dc: call_start_cpu0 at /Users/simeon/esp/esp-idf/components/bootloader/subproject/main/bootloader_start.c:25
I (22) boot: ESP-IDF 3f3f8436be 2nd stage bootloader
I (22) boot: compile time Oct 24 2025 16:24:15
I (24) boot: chip revision: v0.1
I (24) boot: efuse block revision: v0.2
I (25) boot.esp32h2: SPI Speed      : 64MHz
I (25) boot.esp32h2: SPI Mode       : DIO
I (26) boot.esp32h2: SPI Flash Size : 4MB
I (26) boot: Enabling RNG early entropy source...
I (27) boot: Partition Table:
I (28) boot: ## Label            Usage          Type ST Offset   Length
I (29) boot:  0 nvs              WiFi data        01 02 00009000 00006000
I (30) boot:  1 phy_init         RF data          01 01 0000f000 00001000
I (31) boot:  2 factory          factory app      00 00 00010000 00140000
I (32) boot: End of partition table
I (33) esp_image: segment 0: paddr=00010020 vaddr=42020020 size=08c84h ( 35972) map
I (50) esp_image: segment 1: paddr=00018cac vaddr=40800000 size=0736ch ( 29548) load
I (64) esp_image: segment 2: paddr=00020020 vaddr=42000020 size=17d48h ( 97608) map
I (106) esp_image: segment 3: paddr=00037d70 vaddr=4080736c size=049e8h ( 18920) load
I (123) boot: Loaded app from partition at offset 0x10000
I (124) boot: Disabling RNG early entropy source...
I (126) cpu_start: Unicore app
I (134) cpu_start: GPIO 23 and 24 are used as console UART I/O pins
I (135) cpu_start: Pro cpu start user code
I (135) cpu_start: cpu freq: 96000000 Hz
I (136) app_init: Application information:
I (136) app_init: Project name:     esp_ot_cli
I (136) app_init: App version:      67fbc08-dirty
I (137) app_init: Compile time:     Oct 24 2025 16:49:58
I (137) app_init: ELF file SHA256:  a3ccce3b7...
I (137) app_init: ESP-IDF:          3f3f8436be
I (138) efuse_init: Min chip rev:     v0.0
I (138) efuse_init: Max chip rev:     v1.99
I (139) efuse_init: Chip rev:         v0.1
I (139) heap_init: Initializing. RAM available for dynamic allocation:
I (139) heap_init: At 4080CE30 len 00040550 (257 KiB): RAM
I (140) heap_init: At 4084D380 len 00002B60 (10 KiB): RAM
I (141) heap_init: At 50000000 len 00000FE8 (3 KiB): RTCRAM
W (142) spi_flash: Detected GigaDevice flash chip but using generic driver. For optimal functionality, enable `SPI_FLASH_SUPPORT_GD_CHIP` in menuconfig
I (143) spi_flash: detected chip: generic
I (143) spi_flash: flash io: dio
I (144) sleep_gpio: Configure to isolate all GPIO pins in sleep state
I (145) sleep_gpio: Enable automatic switching of GPIO sleep configuration
I (146) main_task: Started on CPU0
I (146) main_task: Calling app_main()
Guru Meditation Error: Core  0 panic'ed (Stack protection fault).

Detected in task "main" at 0x4200c3f6
--- 0x4200c3f6: pqcrystals_mlkem512_ref_indcpa_keypair_derand at /Users/simeon/Desktop/Repositories/ml-kem-espidf/main/mlkem-embedded/mlkem/indcpa.c:29
Stack pointer: 0x4080d9e0
Stack bounds: 0x4080da88 - 0x4080ea80


Core  0 register dump:
MEPC    : 0x4200c3fe  RA      : 0x4200947c  SP      : 0x4080d9e0  GP      : 0x4080ace4
--- Stack dump detected
--- 0x4200c3fe: pqcrystals_mlkem512_ref_indcpa_keypair_derand at /Users/simeon/Desktop/Repositories/ml-kem-espidf/main/mlkem-embedded/mlkem/indcpa.c:29
--- 0x4200947c: pqcrystals_mlkem512_ref_keypair_derand at /Users/simeon/Desktop/Repositories/ml-kem-espidf/main/mlkem-embedded/mlkem/kem.c:30
TP      : 0x4080ea80  T0      : 0x4001117a  T1      : 0x0000001c  T2      : 0x00000000
--- 0x4001117a: __retarget_lock_release_recursive in ROM
S0/FP   : 0x4080e0a0  S1      : 0x4080e700  A0      : 0x4080e700  A1      : 0x4080e0a0
A2      : 0x4080e050  A3      : 0x00000001  A4      : 0x00000000  A5      : 0x00000040
A6      : 0x4080e02c  A7      : 0xebda66bd  S2      : 0x4080e050  S3      : 0x00000000
S4      : 0x00000000  S5      : 0x00000000  S6      : 0x00000000  S7      : 0x00000000
S8      : 0x00000000  S9      : 0x00000000  S10     : 0x00000000  S11     : 0x00000000
T3      : 0x00000000  T4      : 0x00000000  T5      : 0x00000000  T6      : 0x00000000
MSTATUS : 0x00001881  MTVEC   : 0x40802001  MCAUSE  : 0x0000001b  MTVAL   : 0x64912a23
--- 0x40802001: _vector_table at /Users/simeon/esp/esp-idf/components/riscv/vectors_intc.S:54
MHARTID : 0x00000000

..
--- Backtrace:


add symbol table from file "/Users/simeon/Desktop/Repositories/ml-kem-espidf/build/bootloader/bootloader.elf"
0x4200c3fe in pqcrystals_mlkem512_ref_indcpa_keypair_derand (pk=pk@entry=0x4080e700 "", sk=sk@entry=0x4080e0a0 "", coins=coins@entry=0x4080e050 "") at /Users/simeon/Desktop/Repositories/ml-kem-espidf/main/mlkem-embedded/mlkem/indcpa.c:29
29	                           const uint8_t coins[MLKEM_SYMBYTES]) {
#0  0x4200c3fe in pqcrystals_mlkem512_ref_indcpa_keypair_derand (pk=pk@entry=0x4080e700 "", sk=sk@entry=0x4080e0a0 "", coins=coins@entry=0x4080e050 "") at /Users/simeon/Desktop/Repositories/ml-kem-espidf/main/mlkem-embedded/mlkem/indcpa.c:29
#1  0x4200947c in pqcrystals_mlkem512_ref_keypair_derand (pk=0x4080e700 "", sk=0x4080e0a0 "", coins=0x4080e050 "") at /Users/simeon/Desktop/Repositories/ml-kem-espidf/main/mlkem-embedded/mlkem/kem.c:29
#2  0x00000000 in ?? ()
Backtrace stopped: frame did not save the PC



ELF file SHA256: a3ccce3b7

Rebooting...
ESP-ROM:esp32h2-20221101
Build:Nov  1 2022
rst:0xc (SW_CPU),boot:0xf (SPI_FAST_FLASH_BOOT)
Saved PC:0x400031b6
--- 0x400031b6: software_reset_cpu in ROM
SPIWP:0xee
mode:DIO, clock div:1
load:0x408460f0,len:0x1a5c
load:0x4083c2d0,len:0xfc0
--- 0x4083c2d0: esp_bootloader_get_description at /Users/simeon/esp/esp-idf/components/esp_bootloader_format/esp_bootloader_desc.c:40
load:0x4083efd0,len:0x2ffc
--- 0x4083efd0: esp_flash_encryption_enabled at /Users/simeon/esp/esp-idf/components/bootloader_support/src/flash_encrypt.c:89
entry 0x4083c2dc
--- 0x4083c2dc: call_start_cpu0 at /Users/simeon/esp/esp-idf/components/bootloader/subproject/main/bootloader_start.c:25
I (22) boot: ESP-IDF 3f3f8436be 2nd stage bootloader
I (22) boot: compile time Oct 24 2025 16:24:15
I (24) boot: chip revision: v0.1
I (24) boot: efuse block revision: v0.2
I (25) boot.esp32h2: SPI Speed      : 64MHz
I (25) boot.esp32h2: SPI Mode       : DIO
I (26) boot.esp32h2: SPI Flash Size : 4MB
I (27) boot: Enabling RNG early entropy source...
I (27) boot: Partition Table:
I (28) boot: ## Label            Usage          Type ST Offset   Length
I (29) boot:  0 nvs              WiFi data        01 02 00009000 00006000
I (30) boot:  1 phy_init         RF data          01 01 0000f000 00001000
I (31) boot:  2 factory          factory app      00 00 00010000 00140000
I (32) boot: End of partition table
I (33) esp_image: segment 0: paddr=00010020 vaddr=42020020 size=08c84h ( 35972) map
I (50) esp_image: segment 1: paddr=00018cac vaddr=40800000 size=0736ch ( 29548) load
I (65) esp_image: segment 2: paddr=00020020 vaddr=42000020 size=17d48h ( 97608) map
I (106) esp_image: segment 3: paddr=00037d70 vaddr=4080736c size=049e8h ( 18920) load
I (123) boot: Loaded app from partition at offset 0x10000
I (124) boot: Disabling RNG early entropy source...
I (126) cpu_start: Unicore app
I (134) cpu_start: GPIO 23 and 24 are used as console UART I/O pins
I (135) cpu_start: Pro cpu start user code
I (135) cpu_start: cpu freq: 96000000 Hz
I (136) app_init: Application information:
I (136) app_init: Project name:     esp_ot_cli
I (136) app_init: App version:      67fbc08-dirty
I (137) app_init: Compile time:     Oct 24 2025 16:49:58
I (137) app_init: ELF file SHA256:  a3ccce3b7...
I (137) app_init: ESP-IDF:          3f3f8436be
I (138) efuse_init: Min chip rev:     v0.0
I (138) efuse_init: Max chip rev:     v1.99
I (139) efuse_init: Chip rev:         v0.1
I (139) heap_init: Initializing. RAM available for dynamic allocation:
I (139) heap_init: At 4080CE30 len 00040550 (257 KiB): RAM
I (140) heap_init: At 4084D380 len 00002B60 (10 KiB): RAM
I (141) heap_init: At 50000000 len 00000FE8 (3 KiB): RTCRAM
W (142) spi_flash: Detected GigaDevice flash chip but using generic driver. For optimal functionality, enable `SPI_FLASH_SUPPORT_GD_CHIP` in menuconfig
I (143) spi_flash: detected chip: generic
I (143) spi_flash: flash io: dio
I (144) sleep_gpio: Configure to isolate all GPIO pins in sleep state
I (145) sleep_gpio: Enable automatic switching of GPIO sleep configuration
I (146) main_task: Started on CPU0
I (146) main_task: Calling app_main()
Guru Meditation Error: Core  0 panic'ed (Stack protection fault).

Detected in task "main" at 0x4200c3f6
--- 0x4200c3f6: pqcrystals_mlkem512_ref_indcpa_keypair_derand at /Users/simeon/Desktop/Repositories/ml-kem-espidf/main/mlkem-embedded/mlkem/indcpa.c:29
Stack pointer: 0x4080d9e0
Stack bounds: 0x4080da88 - 0x4080ea80


Core  0 register dump:
MEPC    : 0x4200c3fe  RA      : 0x4200947c  SP      : 0x4080d9e0  GP      : 0x4080ace4
--- Stack dump detected
--- 0x4200c3fe: pqcrystals_mlkem512_ref_indcpa_keypair_derand at /Users/simeon/Desktop/Repositories/ml-kem-espidf/main/mlkem-embedded/mlkem/indcpa.c:29
--- 0x4200947c: pqcrystals_mlkem512_ref_keypair_derand at /Users/simeon/Desktop/Repositories/ml-kem-espidf/main/mlkem-embedded/mlkem/kem.c:30
TP      : 0x4080ea80  T0      : 0x4001117a  T1      : 0x0000001c  T2      : 0x00000000
--- 0x4001117a: __retarget_lock_release_recursive in ROM
S0/FP   : 0x4080e0a0  S1      : 0x4080e700  A0      : 0x4080e700  A1      : 0x4080e0a0
A2      : 0x4080e050  A3      : 0x00000001  A4      : 0x00000000  A5      : 0x00000040
A6      : 0x4080e02c  A7      : 0xebda66bd  S2      : 0x4080e050  S3      : 0x00000000
S4      : 0x00000000  S5      : 0x00000000  S6      : 0x00000000  S7      : 0x00000000
S8      : 0x00000000  S9      : 0x00000000  S10     : 0x00000000  S11     : 0x00000000
T3      : 0x00000000  T4      : 0x00000000  T5      : 0x00000000  T6      : 0x00000000
MSTATUS : 0x00001881  MTVEC   : 0x40802001  MCAUSE  : 0x0000001b  MTVAL   : 0x64912a23
--- 0x40802001: _vector_table at /Users/simeon/esp/esp-idf/components/riscv/vectors_intc.S:54
MHARTID : 0x00000000

.
--- Backtrace:


add symbol table from file "/Users/simeon/Desktop/Repositories/ml-kem-espidf/build/bootloader/bootloader.elf"
0x4200c3fe in pqcrystals_mlkem512_ref_indcpa_keypair_derand (pk=pk@entry=0x4080e700 "", sk=sk@entry=0x4080e0a0 "", coins=coins@entry=0x4080e050 "") at /Users/simeon/Desktop/Repositories/ml-kem-espidf/main/mlkem-embedded/mlkem/indcpa.c:29
29	                           const uint8_t coins[MLKEM_SYMBYTES]) {
#0  0x4200c3fe in pqcrystals_mlkem512_ref_indcpa_keypair_derand (pk=pk@entry=0x4080e700 "", sk=sk@entry=0x4080e0a0 "", coins=coins@entry=0x4080e050 "") at /Users/simeon/Desktop/Repositories/ml-kem-espidf/main/mlkem-embedded/mlkem/indcpa.c:29
#1  0x4200947c in pqcrystals_mlkem512_ref_keypair_derand (pk=0x4080e700 "", sk=0x4080e0a0 "", coins=0x4080e050 "") at /Users/simeon/Desktop/Repositories/ml-kem-espidf/main/mlkem-embedded/mlkem/kem.c:29
#2  0x00000000 in ?? ()
Backtrace stopped: frame did not save the PC



ELF file SHA256: a3ccce3b7

Rebooting...
ESP-ROM:esp32h2-20221101
Build:Nov  1 2022
rst:0xc (SW_CPU),boot:0xf (SPI_FAST_FLASH_BOOT)
Saved PC:0x400031b6
--- 0x400031b6: software_reset_cpu in ROM
SPIWP:0xee
mode:DIO, clock div:1
load:0x408460f0,len:0x1a5c
load:0x4083c2d0,len:0xfc0
.--- 0x4083c2d0: esp_bootloader_get_description at /Users/simeon/esp/esp-idf/components/esp_bootloader_format/esp_bootloader_desc.c:40
load:0x4083efd0,len:0x2ffc
--- 0x4083efd0: esp_flash_encryption_enabled at /Users/simeon/esp/esp-idf/components/bootloader_support/src/flash_encrypt.c:89
entry 0x4083c2dc
--- 0x4083c2dc: call_start_cpu0 at /Users/simeon/esp/esp-idf/components/bootloader/subproject/main/bootloader_start.c:25
I (22) boot: ESP-IDF 3f3f8436be 2nd stage bootloader
I (22) boot: compile time Oct 24 2025 16:24:15
I (24) boot: chip revision: v0.1
I (24) boot: efuse block revision: v0.2
I (25) boot.esp32h2: SPI Speed      : 64MHz
I (25) boot.esp32h2: SPI Mode       : DIO
I (26) boot.esp32h2: SPI Flash Size : 4MB
I (27) boot: Enabling RNG early entropy source...
I (27) boot: Partition Table:
I (28) boot: ## Label            Usage          Type ST Offset   Length
I (29) boot:  0 nvs              WiFi data        01 02 00009000 00006000
I (30) boot:  1 phy_init         RF data          01 01 0000f000 00001000
I (31) boot:  2 factory          factory app      00 00 00010000 00140000
I (32) boot: End of partition table
I (33) esp_image: segment 0: paddr=00010020 vaddr=42020020 size=08c84h ( 35972) map
I (50) esp_image: segment 1: paddr=00018cac vaddr=40800000 size=0736ch ( 29548) load
I (65) esp_image: segment 2: paddr=00020020 vaddr=42000020 size=17d48h ( 97608) map
I (106) esp_image: segment 3: paddr=00037d70 vaddr=4080736c size=049e8h ( 18920) load
I (123) boot: Loaded app from partition at offset 0x10000
I (124) boot: Disabling RNG early entropy source...
I (126) cpu_start: Unicore app
I (134) cpu_start: GPIO 23 and 24 are used as console UART I/O pins
I (135) cpu_start: Pro cpu start user code
I (135) cpu_start: cpu freq: 96000000 Hz
I (136) app_init: Application information:
I (136) app_init: Project name:     esp_ot_cli
I (136) app_init: App version:      67fbc08-dirty
I (137) app_init: Compile time:     Oct 24 2025 16:49:58
I (137) app_init: ELF file SHA256:  a3ccce3b7...
I (138) app_init: ESP-IDF:          3f3f8436be
I (138) efuse_init: Min chip rev:     v0.0
I (138) efuse_init: Max chip rev:     v1.99
I (139) efuse_init: Chip rev:         v0.1
I (139) heap_init: Initializing. RAM available for dynamic allocation:
I (140) heap_init: At 4080CE30 len 00040550 (257 KiB): RAM
I (140) heap_init: At 4084D380 len 00002B60 (10 KiB): RAM
I (141) heap_init: At 50000000 len 00000FE8 (3 KiB): RTCRAM
W (142) spi_flash: Detected GigaDevice flash chip but using generic driver. For optimal functionality, enable `SPI_FLASH_SUPPORT_GD_CHIP` in menuconfig
I (143) spi_flash: detected chip: generic
I (144) spi_flash: flash io: dio
I (144) sleep_gpio: Configure to isolate all GPIO pins in sleep state
I (145) sleep_gpio: Enable automatic switching of GPIO sleep configuration
I (146) main_task: Started on CPU0
I (146) main_task: Calling app_main()
Guru Meditation Error: Core  0 panic'ed (Stack protection fault).

Detected in task "main" at 0x4200c3f6
--- 0x4200c3f6: pqcrystals_mlkem512_ref_indcpa_keypair_derand at /Users/simeon/Desktop/Repositories/ml-kem-espidf/main/mlkem-embedded/mlkem/indcpa.c:29
Stack pointer: 0x4080d9e0
Stack bounds: 0x4080da88 - 0x4080ea80


Core  0 register dump:
MEPC    : 0x4200c3fe  RA      : 0x4200947c  SP      : 0x4080d9e0  GP      : 0x4080ace4
--- Stack dump detected
